Component: ARM Compiler 5.06 update 6 (build 750) Tool: armlink [4d35ed]

==============================================================================

Section Cross References

    main.o(i.Error_Handler) refers to printf.o(.text) for printf
    main.o(i.Error_Handler) refers to main.o(.bss) for buf
    main.o(i.HAL_TIM_IC_CaptureCallback) refers to stm32f4xx_hal_tim.o(i.HAL_TIM_ReadCapturedValue) for HAL_TIM_ReadCapturedValue
    main.o(i.HAL_TIM_IC_CaptureCallback) refers to stm32f4xx_hal_rcc.o(i.HAL_RCC_GetPCLK1Freq) for HAL_RCC_GetPCLK1Freq
    main.o(i.HAL_TIM_IC_CaptureCallback) refers to main.o(.data) for primera
    main.o(i.HAL_TIM_PeriodElapsedCallback) refers to stm32f4xx_hal_gpio.o(i.HAL_GPIO_TogglePin) for HAL_GPIO_TogglePin
    main.o(i.HAL_TIM_PeriodElapsedCallback) refers to main.o(.bss) for htim2
    main.o(i.MX_TIM2_Init) refers to rt_memclr_w.o(.text) for __aeabi_memclr4
    main.o(i.MX_TIM2_Init) refers to stm32f4xx_hal_tim.o(i.HAL_TIM_Base_Init) for HAL_TIM_Base_Init
    main.o(i.MX_TIM2_Init) refers to main.o(i.Error_Handler) for Error_Handler
    main.o(i.MX_TIM2_Init) refers to stm32f4xx_hal_tim.o(i.HAL_TIM_ConfigClockSource) for HAL_TIM_ConfigClockSource
    main.o(i.MX_TIM2_Init) refers to stm32f4xx_hal_tim_ex.o(i.HAL_TIMEx_MasterConfigSynchronization) for HAL_TIMEx_MasterConfigSynchronization
    main.o(i.MX_TIM2_Init) refers to main.o(.bss) for htim2
    main.o(i.MX_TIM3_Init) refers to rt_memclr_w.o(.text) for __aeabi_memclr4
    main.o(i.MX_TIM3_Init) refers to stm32f4xx_hal_tim.o(i.HAL_TIM_PWM_Init) for HAL_TIM_PWM_Init
    main.o(i.MX_TIM3_Init) refers to main.o(i.Error_Handler) for Error_Handler
    main.o(i.MX_TIM3_Init) refers to stm32f4xx_hal_tim.o(i.HAL_TIM_PWM_ConfigChannel) for HAL_TIM_PWM_ConfigChannel
    main.o(i.MX_TIM3_Init) refers to main.o(.bss) for htim3
    main.o(i.MX_TIM4_Init) refers to stm32f4xx_hal_tim.o(i.HAL_TIM_IC_Init) for HAL_TIM_IC_Init
    main.o(i.MX_TIM4_Init) refers to main.o(i.Error_Handler) for Error_Handler
    main.o(i.MX_TIM4_Init) refers to stm32f4xx_hal_tim.o(i.HAL_TIM_IC_ConfigChannel) for HAL_TIM_IC_ConfigChannel
    main.o(i.MX_TIM4_Init) refers to main.o(.bss) for htim4
    main.o(i.SystemClock_Config) refers to rt_memclr_w.o(.text) for __aeabi_memclr4
    main.o(i.SystemClock_Config) refers to stm32f4xx_hal_rcc.o(i.HAL_RCC_OscConfig) for HAL_RCC_OscConfig
    main.o(i.SystemClock_Config) refers to main.o(i.Error_Handler) for Error_Handler
    main.o(i.SystemClock_Config) refers to stm32f4xx_hal_pwr_ex.o(i.HAL_PWREx_EnableOverDrive) for HAL_PWREx_EnableOverDrive
    main.o(i.SystemClock_Config) refers to stm32f4xx_hal_rcc.o(i.HAL_RCC_ClockConfig) for HAL_RCC_ClockConfig
    main.o(i.main) refers to _printf_percent.o(.ARM.Collect$$_printf_percent$$00000000) for _printf_percent
    main.o(i.main) refers to _printf_d.o(.ARM.Collect$$_printf_percent$$00000009) for _printf_d
    main.o(i.main) refers to _printf_dec.o(.text) for _printf_int_dec
    main.o(i.main) refers to watchdog.o(i.init_Watchdog) for init_Watchdog
    main.o(i.main) refers to main.o(i.Error_Handler) for Error_Handler
    main.o(i.main) refers to stm32f4xx_hal.o(i.HAL_Init) for HAL_Init
    main.o(i.main) refers to main.o(i.SystemClock_Config) for SystemClock_Config
    main.o(i.main) refers to system_stm32f4xx.o(i.SystemCoreClockUpdate) for SystemCoreClockUpdate
    main.o(i.main) refers to usart.o(i.init_USART) for init_USART
    main.o(i.main) refers to led.o(i.LED_Init) for LED_Init
    main.o(i.main) refers to main.o(i.MX_TIM2_Init) for MX_TIM2_Init
    main.o(i.main) refers to main.o(i.MX_TIM3_Init) for MX_TIM3_Init
    main.o(i.main) refers to main.o(i.MX_TIM4_Init) for MX_TIM4_Init
    main.o(i.main) refers to delay.o(i.Init_Delay) for Init_Delay
    main.o(i.main) refers to stm32f4xx_hal_tim.o(i.HAL_TIM_IC_Start_IT) for HAL_TIM_IC_Start_IT
    main.o(i.main) refers to stm32f4xx_hal_tim.o(i.HAL_TIM_PWM_Start) for HAL_TIM_PWM_Start
    main.o(i.main) refers to stm32f4xx_hal_tim.o(i.HAL_TIM_Base_Start_IT) for HAL_TIM_Base_Start_IT
    main.o(i.main) refers to delay.o(i.Delay_ms) for Delay_ms
    main.o(i.main) refers to __2sprintf.o(.text) for __2sprintf
    main.o(i.main) refers to usart.o(i.tx_USART) for tx_USART
    main.o(i.main) refers to watchdog.o(i.reset_Watchdog) for reset_Watchdog
    main.o(i.main) refers to main.o(.bss) for htim4
    main.o(i.main) refers to main.o(.data) for frecuencia
    stm32f4xx_it.o(i.SysTick_Handler) refers to stm32f4xx_hal.o(i.HAL_IncTick) for HAL_IncTick
    stm32f4xx_it.o(i.TIM2_IRQHandler) refers to stm32f4xx_hal_tim.o(i.HAL_TIM_IRQHandler) for HAL_TIM_IRQHandler
    stm32f4xx_it.o(i.TIM2_IRQHandler) refers to main.o(.bss) for htim2
    stm32f4xx_it.o(i.TIM4_IRQHandler) refers to stm32f4xx_hal_tim.o(i.HAL_TIM_IRQHandler) for HAL_TIM_IRQHandler
    stm32f4xx_it.o(i.TIM4_IRQHandler) refers to main.o(.bss) for htim4
[...]
    _getenv_init                              - Undefined Weak Reference
    _handle_redirection                       - Undefined Weak Reference
    _mutex_acquire                            - Undefined Weak Reference
    _mutex_free                               - Undefined Weak Reference
    _mutex_release                            - Undefined Weak Reference
    _printf_mbtowc                            - Undefined Weak Reference
    _printf_wc                                - Undefined Weak Reference
    _rand_init                                - Undefined Weak Reference
    _signal_finish                            - Undefined Weak Reference
    _signal_init                              - Undefined Weak Reference
    __Vectors_Size                           0x000001ac   Number         0  startup_stm32f429xx.o ABSOLUTE
    __Vectors                                0x08000000   Data           4  startup_stm32f429xx.o(RESET)
    __Vectors_End                            0x080001ac   Data           0  startup_stm32f429xx.o(RESET)
    __main                                   0x080001ad   Thumb Code     8  __main.o(!!!main)
    __scatterload                            0x080001b5   Thumb Code     0  __scatter.o(!!!scatter)
    __scatterload_rt2                        0x080001b5   Thumb Code    44  __scatter.o(!!!scatter)
    __scatterload_rt2_thumb_only             0x080001b5   Thumb Code     0  __scatter.o(!!!scatter)
    __scatterload_null                       0x080001c3   Thumb Code     0  __scatter.o(!!!scatter)
    __scatterload_copy                       0x080001e9   Thumb Code    26  __scatter_copy.o(!!handler_copy)
    __scatterload_zeroinit                   0x08000205   Thumb Code    28  __scatter_zi.o(!!handler_zi)
    _printf_n                                0x08000221   Thumb Code     0  _printf_n.o(.ARM.Collect$$_printf_percent$$00000001)
    _printf_percent                          0x08000221   Thumb Code     0  _printf_percent.o(.ARM.Collect$$_printf_percent$$00000000)
    _printf_p                                0x08000227   Thumb Code     0  _printf_p.o(.ARM.Collect$$_printf_percent$$00000002)
    _printf_f                                0x0800022d   Thumb Code     0  _printf_f.o(.ARM.Collect$$_printf_percent$$00000003)
    _printf_e                                0x08000233   Thumb Code     0  _printf_e.o(.ARM.Collect$$_printf_percent$$00000004)
    _printf_g                                0x08000239   Thumb Code     0  _printf_g.o(.ARM.Collect$$_printf_percent$$00000005)
    _printf_a                                0x0800023f   Thumb Code     0  _printf_a.o(.ARM.Collect$$_printf_percent$$00000006)
    _printf_ll                               0x08000245   Thumb Code     0  _printf_ll.o(.ARM.Collect$$_printf_percent$$00000007)
    _printf_i                                0x0800024f   Thumb Code     0  _printf_i.o(.ARM.Collect$$_printf_percent$$00000008)
    _printf_d                                0x08000255   Thumb Code     0  _printf_d.o(.ARM.Collect$$_printf_percent$$00000009)
    _printf_u                                0x0800025b   Thumb Code     0  _printf_u.o(.ARM.Collect$$_printf_percent$$0000000A)
    _printf_o                                0x08000261   Thumb Code     0  _printf_o.o(.ARM.Collect$$_printf_percent$$0000000B)
    _printf_x                                0x08000267   Thumb Code     0  _printf_x.o(.ARM.Collect$$_printf_percent$$0000000C)
    _printf_lli                              0x0800026d   Thumb Code     0  _printf_lli.o(.ARM.Collect$$_printf_percent$$0000000D)
    _printf_lld                              0x08000273   Thumb Code     0  _printf_lld.o(.ARM.Collect$$_printf_percent$$0000000E)
    _printf_llu                              0x08000279   Thumb Code     0  _printf_llu.o(.ARM.Collect$$_printf_percent$$0000000F)
    _printf_llo                              0x0800027f   Thumb Code     0  _printf_llo.o(.ARM.Collect$$_printf_percent$$00000010)
    _printf_llx                              0x08000285   Thumb Code     0  _printf_llx.o(.ARM.Collect$$_printf_percent$$00000011)
    _printf_l                                0x0800028b   Thumb Code     0  _printf_l.o(.ARM.Collect$$_printf_percent$$00000012)
    _printf_c                                0x08000295   Thumb Code     0  _printf_c.o(.ARM.Collect$$_printf_percent$$00000013)
    _printf_s                                0x0800029b   Thumb Code     0  _printf_s.o(.ARM.Collect$$_printf_percent$$00000014)
    _printf_lc                               0x080002a1   Thumb Code     0  _printf_lc.o(.ARM.Collect$$_printf_percent$$00000015)
    _printf_ls                               0x080002a7   Thumb Code     0  _printf_ls.o(.ARM.Collect$$_printf_percent$$00000016)
    _printf_percent_end                      0x080002ad   Thumb Code     0  _printf_percent_end.o(.ARM.Collect$$_printf_percent$$00000017)
    __rt_lib_init                            0x080002b1   Thumb Code     0  libinit.o(.ARM.Collect$$libinit$$00000000)
    __rt_lib_init_fp_1                       0x080002b3   Thumb Code     0  libinit2.o(.ARM.Collect$$libinit$$00000001)
    __rt_lib_init_heap_2                     0x080002b7   Thumb Code     0  libinit2.o(.ARM.Collect$$libinit$$00000005)
    __rt_lib_init_preinit_1                  0x080002b7   Thumb Code     0  libinit2.o(.ARM.Collect$$libinit$$00000004)
    __rt_lib_init_heap_1                     0x080002bf   Thumb Code     0  libinit2.o(.ARM.Collect$$libinit$$0000000A)
    __rt_lib_init_lc_common                  0x080002bf   Thumb Code     0  libinit2.o(.ARM.Collect$$libinit$$0000000F)
    __rt_lib_init_rand_1                     0x080002bf   Thumb Code     0  libinit2.o(.ARM.Collect$$libinit$$0000000E)
    __rt_lib_init_user_alloc_1               0x080002bf   Thumb Code     0  libinit2.o(.ARM.Collect$$libinit$$0000000C)
    __rt_lib_init_lc_collate_1               0x080002c5   Thumb Code     0  libinit2.o(.ARM.Collect$$libinit$$00000011)
    __rt_lib_init_lc_ctype_2                 0x080002c5   Thumb Code     0  libinit2.o(.ARM.Collect$$libinit$$00000012)
    __rt_lib_init_lc_ctype_1                 0x080002d1   Thumb Code     0  libinit2.o(.ARM.Collect$$libinit$$00000013)
    __rt_lib_init_lc_monetary_1              0x080002d1   Thumb Code     0  libinit2.o(.ARM.Collect$$libinit$$00000015)
    __rt_lib_init_lc_numeric_2               0x080002d1   Thumb Code     0  libinit2.o(.ARM.Collect$$libinit$$00000016)
    __rt_lib_init_atexit_1                   0x080002db   Thumb Code     0  libinit2.o(.ARM.Collect$$libinit$$0000001B)
    __rt_lib_init_clock_1                    0x080002db   Thumb Code     0  libinit2.o(.ARM.Collect$$libinit$$00000021)
    __rt_lib_init_fp_trap_1                  0x080002db   Thumb Code     0  libinit2.o(.ARM.Collect$$libinit$$0000001F)
    __rt_lib_init_getenv_1                   0x080002db   Thumb Code     0  libinit2.o(.ARM.Collect$$libinit$$00000023)
    __rt_lib_init_lc_numeric_1               0x080002db   Thumb Code     0  libinit2.o(.ARM.Collect$$libinit$$00000017)
    __rt_lib_init_lc_time_1                  0x080002db   Thumb Code     0  libinit2.o(.ARM.Collect$$libinit$$00000019)
    __rt_lib_init_signal_1                   0x080002db   Thumb Code     0  libinit2.o(.ARM.Collect$$libinit$$0000001D)
    __rt_lib_init_stdio_2                    0x080002db   Thumb Code     0  libinit2.o(.ARM.Collect$$libinit$$00000024)
    __rt_lib_init_alloca_1                   0x080002df   Thumb Code     0  libinit2.o(.ARM.Collect$$libinit$$0000002E)
    __rt_lib_init_argv_1                     0x080002df   Thumb Code     0  libinit2.o(.ARM.Collect$$libinit$$0000002C)
    __rt_lib_init_cpp_1                      0x080002df   Thumb Code     0  libinit2.o(.ARM.Collect$$libinit$$00000032)
    __rt_lib_init_exceptions_1               0x080002df   Thumb Code     0  libinit2.o(.ARM.Collect$$libinit$$00000030)
    __rt_lib_init_return                     0x080002df   Thumb Code     0  libinit2.o(.ARM.Collect$$libinit$$00000033)
    __rt_lib_init_stdio_1                    0x080002df   Thumb Code     0  libinit2.o(.ARM.Collect$$libinit$$00000025)
    __rt_lib_shutdown                        0x080002e1   Thumb Code     0  libshutdown.o(.ARM.Collect$$libshutdown$$00000000)
    __rt_lib_shutdown_cpp_1                  0x080002e3   Thumb Code     0  libshutdown2.o(.ARM.Collect$$libshutdown$$00000002)
    __rt_lib_shutdown_stdio_2                0x080002e3   Thumb Code     0  libshutdown2.o(.ARM.Collect$$libshutdown$$00000003)
    __rt_lib_shutdown_fp_trap_1              0x080002e7   Thumb Code     0  libshutdown2.o(.ARM.Collect$$libshutdown$$00000007)
    __rt_lib_shutdown_heap_1                 0x080002e7   Thumb Code     0  libshutdown2.o(.ARM.Collect$$libshutdown$$0000000F)
    __rt_lib_shutdown_return                 0x080002e7   Thumb Code     0  libshutdown2.o(.ARM.Collect$$libshutdown$$00000010)
    __rt_lib_shutdown_signal_1               0x080002e7   Thumb Code     0  libshutdown2.o(.ARM.Collect$$libshutdown$$0000000A)
    __rt_lib_shutdown_stdio_1                0x080002e7   Thumb Code     0  libshutdown2.o(.ARM.Collect$$libshutdown$$00000004)
    __rt_lib_shutdown_user_alloc_1           0x080002e7   Thumb Code     0  libshutdown2.o(.ARM.Collect$$libshutdown$$0000000C)
    __rt_entry                               0x080002e9   Thumb Code     0  __rtentry.o(.ARM.Collect$$rtentry$$00000000)
    __rt_entry_presh_1                       0x080002e9   Thumb Code     0  __rtentry2.o(.ARM.Collect$$rtentry$$00000002)
    __rt_entry_sh                            0x080002e9   Thumb Code     0  __rtentry4.o(.ARM.Collect$$rtentry$$00000004)
    __rt_entry_li                            0x080002ef   Thumb Code     0  __rtentry2.o(.ARM.Collect$$rtentry$$0000000A)
    __rt_entry_postsh_1                      0x080002ef   Thumb Code     0  __rtentry2.o(.ARM.Collect$$rtentry$$00000009)
    __rt_entry_main                          0x080002f3   Thumb Code     0  __rtentry2.o(.ARM.Collect$$rtentry$$0000000D)
    __rt_entry_postli_1                      0x080002f3   Thumb Code     0  __rtentry2.o(.ARM.Collect$$rtentry$$0000000C)
    __rt_exit                                0x080002fb   Thumb Code     0  rtexit.o(.ARM.Collect$$rtexit$$00000000)
    __rt_exit_ls                             0x080002fd   Thumb Code     0  rtexit2.o(.ARM.Collect$$rtexit$$00000003)
    __rt_exit_prels_1                        0x080002fd   Thumb Code     0  rtexit2.o(.ARM.Collect$$rtexit$$00000002)
    __rt_exit_exit                           0x08000301   Thumb Code     0  rtexit2.o(.ARM.Collect$$rtexit$$00000004)
    Reset_Handler                            0x08000309   Thumb Code     8  startup_stm32f429xx.o(.text)
    _maybe_terminate_alloc                   0x08000309   Thumb Code     0  maybetermalloc1.o(.emb_text)
    ADC_IRQHandler                           0x08000323   Thumb Code     0  startup_stm32f429xx.o(.text)
    CAN1_RX0_IRQHandler                      0x08000323   Thumb Code     0  startup_stm32f429xx.o(.text)
    CAN1_RX1_IRQHandler                      0x08000323   Thumb Code     0  startup_stm32f429xx.o(.text)
    CAN1_SCE_IRQHandler                      0x08000323   Thumb Code     0  startup_stm32f429xx.o(.text)
    CAN1_TX_IRQHandler                       0x08000323   Thumb Code     0  startup_stm32f429xx.o(.text)
    CAN2_RX0_IRQHandler                      0x08000323   Thumb Code     0  startup_stm32f429xx.o(.text)
    CAN2_RX1_IRQHandler                      0x08000323   Thumb Code     0  startup_stm32f429xx.o(.text)
    CAN2_SCE_IRQHandler                      0x08000323   Thumb Code     0  startup_stm32f429xx.o(.text)
    CAN2_TX_IRQHandler                       0x08000323   Thumb Code     0  startup_stm32f429xx.o(.text)
    DCMI_IRQHandler                          0x08000323   Thumb Code     0  startup_stm32f429xx.o(.text)
    DMA1_Stream0_IRQHandler                  0x08000323   Thumb Code     0  startup_stm32f429xx.o(.text)
    DMA1_Stream1_IRQHandler                  0x08000323   Thumb Code     0  startup_stm32f429xx.o(.text)
    DMA1_Stream2_IRQHandler                  0x08000323   Thumb Code     0  startup_stm32f429xx.o(.text)
    DMA1_Stream3_IRQHandler                  0x08000323   Thumb Code     0  startup_stm32f429xx.o(.text)
    DMA1_Stream4_IRQHandler                  0x08000323   Thumb Code     0  startup_stm32f429xx.o(.text)
    DMA1_Stream5_IRQHandler                  0x08000323   Thumb Code     0  startup_stm32f429xx.o(.text)
    DMA1_Stream6_IRQHandler                  0x08000323   Thumb Code     0  startup_stm32f429xx.o(.text)
    DMA1_Stream7_IRQHandler                  0x08000323   Thumb Code     0  startup_stm32f429xx.o(.text)
    DMA2D_IRQHandler                         0x08000323   Thumb Code     0  startup_stm32f429xx.o(.text)
    DMA2_Stream0_IRQHandler                  0x08000323   Thumb Code     0  startup_stm32f429xx.o(.text)
    DMA2_Stream1_IRQHandler                  0x08000323   Thumb Code     0  startup_stm32f429xx.o(.text)
    DMA2_Stream2_IRQHandler                  0x08000323   Thumb Code     0  startup_stm32f429xx.o(.text)
    DMA2_Stream3_IRQHandler                  0x08000323   Thumb Code     0  startup_stm32f429xx.o(.text)
    DMA2_Stream4_IRQHandler                  0x08000323   Thumb Code     0  startup_stm32f429xx.o(.text)
    DMA2_Stream5_IRQHandler                  0x08000323   Thumb Code     0  startup_stm32f429xx.o(.text)
    DMA2_Stream6_IRQHandler                  0x08000323   Thumb Code     0  startup_stm32f429xx.o(.text)
    DMA2_Stream7_IRQHandler                  0x08000323   Thumb Code     0  startup_stm32f429xx.o(.text)
    ETH_IRQHandler                           0x08000323   Thumb Code     0  startup_stm32f429xx.o(.text)
    ETH_WKUP_IRQHandler                      0x08000323   Thumb Code     0  startup_stm32f429xx.o(.text)
    EXTI0_IRQHandler                         0x08000323   Thumb Code     0  startup_stm32f429xx.o(.text)
    EXTI15_10_IRQHandler                     0x08000323   Thumb Code     0  startup_stm32f429xx.o(.text)
    EXTI1_IRQHandler                         0x08000323   Thumb Code     0  startup_stm32f429xx.o(.text)
    EXTI2_IRQHandler                         0x08000323   Thumb Code     0  startup_stm32f429xx.o(.text)
    EXTI3_IRQHandler                         0x08000323   Thumb Code     0  startup_stm32f429xx.o(.text)
    EXTI4_IRQHandler                         0x08000323   Thumb Code     0  startup_stm32f429xx.o(.text)
    EXTI9_5_IRQHandler                       0x08000323   Thumb Code     0  startup_stm32f429xx.o(.text)
    FLASH_IRQHandler                         0x08000323   Thumb Code     0  startup_stm32f429xx.o(.text)
    FMC_IRQHandler                           0x08000323   Thumb Code     0  startup_stm32f429xx.o(.text)
    FPU_IRQHandler                           0x08000323   Thumb Code     0  startup_stm32f429xx.o(.text)
    HASH_RNG_IRQHandler                      0x08000323   Thumb Code     0  startup_stm32f429xx.o(.text)
    I2C1_ER_IRQHandler                       0x08000323   Thumb Code     0  startup_stm32f429xx.o(.text)
    I2C1_EV_IRQHandler                       0x08000323   Thumb Code     0  startup_stm32f429xx.o(.text)
    I2C2_ER_IRQHandler                       0x08000323   Thumb Code     0  startup_stm32f429xx.o(.text)
    I2C2_EV_IRQHandler                       0x08000323   Thumb Code     0  startup_stm32f429xx.o(.text)
    I2C3_ER_IRQHandler                       0x08000323   Thumb Code     0  startup_stm32f429xx.o(.text)
    I2C3_EV_IRQHandler                       0x08000323   Thumb Code     0  startup_stm32f429xx.o(.text)
    LTDC_ER_IRQHandler                       0x08000323   Thumb Code     0  startup_stm32f429xx.o(.text)
    LTDC_IRQHandler                          0x08000323   Thumb Code     0  startup_stm32f429xx.o(.text)
    OTG_FS_IRQHandler                        0x08000323   Thumb Code     0  startup_stm32f429xx.o(.text)
    OTG_FS_WKUP_IRQHandler                   0x08000323   Thumb Code     0  startup_stm32f429xx.o(.text)
    OTG_HS_EP1_IN_IRQHandler                 0x08000323   Thumb Code     0  startup_stm32f429xx.o(.text)
    OTG_HS_EP1_OUT_IRQHandler                0x08000323   Thumb Code     0  startup_stm32f429xx.o(.text)
    OTG_HS_IRQHandler                        0x08000323   Thumb Code     0  startup_stm32f429xx.o(.text)
    OTG_HS_WKUP_IRQHandler                   0x08000323   Thumb Code     0  startup_stm32f429xx.o(.text)
    PVD_IRQHandler                           0x08000323   Thumb Code     0  startup_stm32f429xx.o(.text)
    RCC_IRQHandler                           0x08000323   Thumb Code     0  startup_stm32f429xx.o(.text)
    RTC_Alarm_IRQHandler                     0x08000323   Thumb Code     0  startup_stm32f429xx.o(.text)
    RTC_WKUP_IRQHandler                      0x08000323   Thumb Code     0  startup_stm32f429xx.o(.text)
    SAI1_IRQHandler                          0x08000323   Thumb Code     0  startup_stm32f429xx.o(.text)
    SDIO_IRQHandler                          0x08000323   Thumb Code     0  startup_stm32f429xx.o(.text)
    SPI1_IRQHandler                          0x08000323   Thumb Code     0  startup_stm32f429xx.o(.text)
    SPI2_IRQHandler                          0x08000323   Thumb Code     0  startup_stm32f429xx.o(.text)
    SPI3_IRQHandler                          0x08000323   Thumb Code     0  startup_stm32f429xx.o(.text)
    SPI4_IRQHandler                          0x08000323   Thumb Code     0  startup_stm32f429xx.o(.text)
    SPI5_IRQHandler                          0x08000323   Thumb Code     0  startup_stm32f429xx.o(.text)
    SPI6_IRQHandler                          0x08000323   Thumb Code     0  startup_stm32f429xx.o(.text)
    TAMP_STAMP_IRQHandler                    0x08000323   Thumb Code     0  startup_stm32f429xx.o(.text)
    TIM1_BRK_TIM9_IRQHandler                 0x08000323   Thumb Code     0  startup_stm32f429xx.o(.text)
    TIM1_CC_IRQHandler                       0x08000323   Thumb Code     0  startup_stm32f429xx.o(.text)
    TIM1_TRG_COM_TIM11_IRQHandler            0x08000323   Thumb Code     0  startup_stm32f429xx.o(.text)
    TIM1_UP_TIM10_IRQHandler                 0x08000323   Thumb Code     0  startup_stm32f429xx.o(.text)
    TIM3_IRQHandler                          0x08000323   Thumb Code     0  startup_stm32f429xx.o(.text)
    TIM5_IRQHandler                          0x08000323   Thumb Code     0  startup_stm32f429xx.o(.text)
    TIM6_DAC_IRQHandler                      0x08000323   Thumb Code     0  startup_stm32f429xx.o(.text)
    TIM7_IRQHandler                          0x08000323   Thumb Code     0  startup_stm32f429xx.o(.text)
    TIM8_BRK_TIM12_IRQHandler                0x08000323   Thumb Code     0  startup_stm32f429xx.o(.text)
    TIM8_CC_IRQHandler                       0x08000323   Thumb Code     0  startup_stm32f429xx.o(.text)
    TIM8_TRG_COM_TIM14_IRQHandler            0x08000323   Thumb Code     0  startup_stm32f429xx.o(.text)
    TIM8_UP_TIM13_IRQHandler                 0x08000323   Thumb Code     0  startup_stm32f429xx.o(.text)
    UART4_IRQHandler                         0x08000323   Thumb Code     0  startup_stm32f429xx.o(.text)
    UART5_IRQHandler                         0x08000323   Thumb Code     0  startup_stm32f429xx.o(.text)
    UART7_IRQHandler                         0x08000323   Thumb Code     0  startup_stm32f429xx.o(.text)
    UART8_IRQHandler                         0x08000323   Thumb Code     0  startup_stm32f429xx.o(.text)
    USART1_IRQHandler                        0x08000323   Thumb Code     0  startup_stm32f429xx.o(.text)
    USART2_IRQHandler                        0x08000323   Thumb Code     0  startup_stm32f429xx.o(.text)
    USART6_IRQHandler                        0x08000323   Thumb Code     0  startup_stm32f429xx.o(.text)
    WWDG_IRQHandler                          0x08000323   Thumb Code     0  startup_stm32f429xx.o(.text)
    __user_initial_stackheap                 0x08000325   Thumb Code     0  startup_stm32f429xx.o(.text)
    __aeabi_uldivmod                         0x08000349   Thumb Code     0  lludivv7m.o(.text)
    _ll_udiv                                 0x08000349   Thumb Code   238  lludivv7m.o(.text)
    printf                                   0x08000439   Thumb Code    20  printf.o(.text)
    __2sprintf                               0x08000451   Thumb Code    38  __2sprintf.o(.text)
    _printf_int_dec                          0x0800047d   Thumb Code   104  _printf_dec.o(.text)
    __printf                                 0x080004f5   Thumb Code   388  __printf_flags_ss_wp.o(.text)
    __aeabi_memclr4                          0x0800067d   Thumb Code     0  rt_memclr_w.o(.text)
    __aeabi_memclr8                          0x0800067d   Thumb Code     0  rt_memclr_w.o(.text)
    __rt_memclr_w                            0x0800067d   Thumb Code    78  rt_memclr_w.o(.text)
    _memset_w                                0x08000681   Thumb Code     0  rt_memclr_w.o(.text)
    __use_two_region_memory                  0x080006cb   Thumb Code     2  heapauxi.o(.text)
    __rt_heap_escrow                         0x080006cd   Thumb Code     2  heapauxi.o(.text)
    __rt_heap_expand                         0x080006cf   Thumb Code     2  heapauxi.o(.text)
    _printf_pre_padding                      0x080006d1   Thumb Code    44  _printf_pad.o(.text)
    _printf_post_padding                     0x080006fd   Thumb Code    34  _printf_pad.o(.text)
    _printf_truncate_signed                  0x0800071f   Thumb Code    18  _printf_truncate.o(.text)
    _printf_truncate_unsigned                0x08000731   Thumb Code    18  _printf_truncate.o(.text)
    _printf_str                              0x08000743   Thumb Code    82  _printf_str.o(.text)
    _printf_int_common                       0x08000795   Thumb Code   178  _printf_intcommon.o(.text)
    _printf_charcount                        0x08000847   Thumb Code    40  _printf_charcount.o(.text)
    _printf_char_common                      0x0800087b   Thumb Code    32  _printf_char_common.o(.text)
    _sputc                                   0x080008a1   Thumb Code    10  _sputc.o(.text)
    _printf_char_file                        0x080008ad   Thumb Code    32  _printf_char_file.o(.text)
    _printf_wctomb                           0x080008d1   Thumb Code   182  _printf_wctomb.o(.text)
    _printf_longlong_dec                     0x0800098d   Thumb Code   108  _printf_longlong_dec.o(.text)
    _printf_longlong_oct                     0x08000a09   Thumb Code    66  _printf_oct_int_ll.o(.text)
    _printf_int_oct                          0x08000a4b   Thumb Code    24  _printf_oct_int_ll.o(.text)
    _printf_ll_oct                           0x08000a63   Thumb Code    12  _printf_oct_int_ll.o(.text)
    _printf_longlong_hex                     0x08000a79   Thumb Code    86  _printf_hex_int_ll_ptr.o(.text)
    _printf_int_hex                          0x08000acf   Thumb Code    28  _printf_hex_int_ll_ptr.o(.text)
    _printf_ll_hex                           0x08000aeb   Thumb Code    12  _printf_hex_int_ll_ptr.o(.text)
    _printf_hex_ptr                          0x08000af7   Thumb Code    18  _printf_hex_int_ll_ptr.o(.text)
    _ll_udiv10                               0x08000b0d   Thumb Code   138  lludiv10.o(.text)
    __lib_sel_fp_printf                      0x08000b97   Thumb Code     2  _printf_fp_dec.o(.text)
    _printf_fp_dec_real                      0x08000d49   Thumb Code   620  _printf_fp_dec.o(.text)
    _printf_fp_hex_real                      0x08000fb5   Thumb Code   756  _printf_fp_hex.o(.text)
    _printf_cs_common                        0x080012b1   Thumb Code    20  _printf_char.o(.text)
    _printf_char                             0x080012c5   Thumb Code    16  _printf_char.o(.text)
    _printf_string                           0x080012d5   Thumb Code     8  _printf_char.o(.text)
    _printf_lcs_common                       0x080012dd   Thumb Code    20  _printf_wchar.o(.text)
    _printf_wchar                            0x080012f1   Thumb Code    16  _printf_wchar.o(.text)
    _printf_wstring                          0x08001301   Thumb Code     8  _printf_wchar.o(.text)
    ferror                                   0x08001309   Thumb Code     8  ferror.o(.text)
    _initio                                  0x08001311   Thumb Code   210  initio.o(.text)
    _terminateio                             0x080013e3   Thumb Code    56  initio.o(.text)
    _wcrtomb                                 0x08001449   Thumb Code    64  _wcrtomb.o(.text)
    _sys_open                                0x08001489   Thumb Code    20  sys_io.o(.text)
    _sys_close                               0x0800149d   Thumb Code    12  sys_io.o(.text)
    _sys_write                               0x080014a9   Thumb Code    16  sys_io.o(.text)
    _sys_read                                0x080014b9   Thumb Code    14  sys_io.o(.text)
    _sys_istty                               0x080014c7   Thumb Code    12  sys_io.o(.text)
    _sys_seek                                0x080014d3   Thumb Code    14  sys_io.o(.text)
    _sys_ensure                              0x080014e1   Thumb Code     2  sys_io.o(.text)
    _sys_flen                                0x080014e3   Thumb Code    12  sys_io.o(.text)
    __user_setup_stackheap                   0x080014ef   Thumb Code    74  sys_stackheap_outer.o(.text)
    __rt_ctype_table                         0x08001539   Thumb Code    16  rt_ctype_table.o(.text)
    __rt_locale                              0x08001549   Thumb Code     8  rt_locale_intlibspace.o(.text)
    free                                     0x08001551   Thumb Code    78  h1_free.o(.text)
    _printf_fp_infnan                        0x080015a1   Thumb Code   112  _printf_fp_infnan.o(.text)
    _btod_etento                             0x08001621   Thumb Code   224  bigflt0.o(.text)
    __flsbuf                                 0x08001705   Thumb Code   470  flsbuf.o(.text)
    __flsbuf_byte                            0x08001705   Thumb Code     0  flsbuf.o(.text)
    __flsbuf_wide                            0x08001705   Thumb Code     0  flsbuf.o(.text)
    setvbuf                                  0x080018db   Thumb Code    70  setvbuf.o(.text)
    freopen                                  0x08001921   Thumb Code   158  fopen.o(.text)
    fopen                                    0x080019bf   Thumb Code    74  fopen.o(.text)
    _fclose_internal                         0x08001a0d   Thumb Code    76  fclose.o(.text)
    fclose                                   0x08001a0d   Thumb Code     0  fclose.o(.text)
    exit                                     0x08001a59   Thumb Code    18  exit.o(.text)
    __rt_SIGRTRED                            0x08001a6b   Thumb Code    14  defsig_rtred_outer.o(.text)
    __user_libspace                          0x08001a79   Thumb Code     8  libspace.o(.text)
    __user_perproc_libspace                  0x08001a79   Thumb Code     0  libspace.o(.text)
    __user_perthread_libspace                0x08001a79   Thumb Code     0  libspace.o(.text)
    __I$use$semihosting                      0x08001a81   Thumb Code     0  use_no_semi.o(.text)
    __use_no_semihosting_swi                 0x08001a81   Thumb Code     2  use_no_semi.o(.text)
    __semihosting_library_function           0x08001a83   Thumb Code     0  indicate_semi.o(.text)
    __rt_heap_descriptor                     0x08001a85   Thumb Code     8  rt_heap_descriptor_intlibspace.o(.text)
    __use_no_heap                            0x08001a8d   Thumb Code     2  hguard.o(.text)
    __heap$guard                             0x08001a8f   Thumb Code     2  hguard.o(.text)
    _terminate_user_alloc                    0x08001a91   Thumb Code     2  init_alloc.o(.text)
    _init_user_alloc                         0x08001a93   Thumb Code     2  init_alloc.o(.text)
    __Heap_Full                              0x08001a95   Thumb Code    34  init_alloc.o(.text)
    __Heap_Broken                            0x08001ab7   Thumb Code     6  init_alloc.o(.text)
    _init_alloc                              0x08001abd   Thumb Code    94  init_alloc.o(.text)
    malloc                                   0x08001b1b   Thumb Code    94  h1_alloc.o(.text)
    _fseek                                   0x08001b79   Thumb Code   242  fseek.o(.text)
    fseek                                    0x08001b79   Thumb Code     0  fseek.o(.text)
    _seterr                                  0x08001c71   Thumb Code    20  stdio.o(.text)
    _writebuf                                0x08001c85   Thumb Code    84  stdio.o(.text)
    _fflush                                  0x08001cd9   Thumb Code    70  stdio.o(.text)
    _deferredlazyseek                        0x08001d1f   Thumb Code    60  stdio.o(.text)
    __sig_exit                               0x08001d61   Thumb Code    10  defsig_exit.o(.text)
    __rt_SIGRTRED_inner                      0x08001d6d   Thumb Code    14  defsig_rtred_inner.o(.text)
    strlen                                   0x08001da1   Thumb Code    62  strlen.o(.text)
    strcmp                                   0x08001de1   Thumb Code   128  strcmpv7m.o(.text)
    _sys_exit                                0x08001e61   Thumb Code     8  sys_exit.o(.text)
    __Heap_Initialize                        0x08001e6d   Thumb Code    10  h1_init.o(.text)
    __Heap_DescSize                          0x08001e77   Thumb Code     4  h1_init.o(.text)
    __Heap_ProvideMemory                     0x08001e7b   Thumb Code    52  h1_extend.o(.text)
    _ftell_internal                          0x08001eaf   Thumb Code    66  ftell.o(.text)
    ftell                                    0x08001eaf   Thumb Code     0  ftell.o(.text)
    __default_signal_display                 0x08001ef1   Thumb Code    50  defsig_general.o(.text)
    __rt_SIGRTMEM                            0x08001f23   Thumb Code    14  defsig_rtmem_outer.o(.text)
    _ttywrch                                 0x08001f31   Thumb Code    14  sys_wrch.o(.text)
    __aeabi_errno_addr                       0x08001f41   Thumb Code     8  rt_errno_addr_intlibspace.o(.text)
    __errno$intlibspace                      0x08001f41   Thumb Code     0  rt_errno_addr_intlibspace.o(.text)
    __rt_errno_addr$intlibspace              0x08001f41   Thumb Code     0  rt_errno_addr_intlibspace.o(.text)
    __rt_SIGRTMEM_inner                      0x08001f49   Thumb Code    22  defsig_rtmem_inner.o(.text)
    _btod_d2e                                0x08001f99   Thumb Code    62  btod.o(CL$$btod_d2e)
    _d2e_denorm_low                          0x08001fd7   Thumb Code    70  btod.o(CL$$btod_d2e_denorm_low)
    _d2e_norm_op1                            0x0800201d   Thumb Code    96  btod.o(CL$$btod_d2e_norm_op1)
    __btod_div_common                        0x0800207d   Thumb Code   696  btod.o(CL$$btod_div_common)
    _e2e                                     0x080023b5   Thumb Code   220  btod.o(CL$$btod_e2e)
    _btod_ediv                               0x08002491   Thumb Code    42  btod.o(CL$$btod_ediv)
    _btod_emul                               0x080024bb   Thumb Code    42  btod.o(CL$$btod_emul)
    __btod_mult_common                       0x080024e5   Thumb Code   580  btod.o(CL$$btod_mult_common)
    BusFault_Handler                         0x08002729   Thumb Code     4  stm32f4xx_it.o(i.BusFault_Handler)
    DebugMon_Handler                         0x0800272d   Thumb Code     2  stm32f4xx_it.o(i.DebugMon_Handler)
    Delay_ms                                 0x0800272f   Thumb Code    26  delay.o(i.Delay_ms)
    Delay_us                                 0x08002749   Thumb Code    18  delay.o(i.Delay_us)
    HAL_DMA_Abort                            0x08002b29   Thumb Code   170  stm32f4xx_hal_dma.o(i.HAL_DMA_Abort)
    HAL_GPIO_DeInit                          0x08002bd5   Thumb Code   336  stm32f4xx_hal_gpio.o(i.HAL_GPIO_DeInit)
    HAL_GPIO_Init                            0x08002d55   Thumb Code   486  stm32f4xx_hal_gpio.o(i.HAL_GPIO_Init)
    HAL_GPIO_ReadPin                         0x08002f71   Thumb Code    16  stm32f4xx_hal_gpio.o(i.HAL_GPIO_ReadPin)
    HAL_GPIO_TogglePin                       0x08002f81   Thumb Code    18  stm32f4xx_hal_gpio.o(i.HAL_GPIO_TogglePin)
    HAL_GPIO_WritePin                        0x08002f93   Thumb Code    12  stm32f4xx_hal_gpio.o(i.HAL_GPIO_WritePin)
    HAL_GetTick                              0x08002fa1   Thumb Code     6  stm32f4xx_hal.o(i.HAL_GetTick)
    HAL_IWDG_Init                            0x08002fad   Thumb Code    80  stm32f4xx_hal_iwdg.o(i.HAL_IWDG_Init)
    HAL_IWDG_Refresh                         0x08002ffd   Thumb Code    14  stm32f4xx_hal_iwdg.o(i.HAL_IWDG_Refresh)
    HAL_IncTick                              0x0800300d   Thumb Code    16  stm32f4xx_hal.o(i.HAL_IncTick)
    HAL_Init                                 0x08003025   Thumb Code    44  stm32f4xx_hal.o(i.HAL_Init)
    HAL_InitTick                             0x08003055   Thumb Code    64  stm32f4xx_hal.o(i.HAL_InitTick)
    HAL_MspInit                              0x080030a1   Thumb Code    68  stm32f4xx_hal_msp.o(i.HAL_MspInit)
    HAL_NVIC_DisableIRQ                      0x080030e9   Thumb Code    38  stm32f4xx_hal_cortex.o(i.HAL_NVIC_DisableIRQ)
    HAL_NVIC_EnableIRQ                       0x08003115   Thumb Code    40  stm32f4xx_hal_cortex.o(i.HAL_NVIC_EnableIRQ)
    HAL_NVIC_SetPriority                     0x0800313d   Thumb Code   124  stm32f4xx_hal_cortex.o(i.HAL_NVIC_SetPriority)
    HAL_NVIC_SetPriorityGrouping             0x080031b9   Thumb Code    32  stm32f4xx_hal_cortex.o(i.HAL_NVIC_SetPriorityGrouping)
    HAL_PWREx_EnableOverDrive                0x080031e1   Thumb Code   128  stm32f4xx_hal_pwr_ex.o(i.HAL_PWREx_EnableOverDrive)
    HAL_RCC_ClockConfig                      0x0800326d   Thumb Code   368  stm32f4xx_hal_rcc.o(i.HAL_RCC_ClockConfig)
    HAL_RCC_GetHCLKFreq                      0x080033f1   Thumb Code     6  stm32f4xx_hal_rcc.o(i.HAL_RCC_GetHCLKFreq)
    HAL_RCC_GetPCLK1Freq                     0x080033fd   Thumb Code    22  stm32f4xx_hal_rcc.o(i.HAL_RCC_GetPCLK1Freq)
    HAL_RCC_GetSysClockFreq                  0x0800341d   Thumb Code   162  stm32f4xx_hal_rcc.o(i.HAL_RCC_GetSysClockFreq)
    HAL_RCC_OscConfig                        0x080034cd   Thumb Code  1152  stm32f4xx_hal_rcc.o(i.HAL_RCC_OscConfig)
    HAL_SYSTICK_Config                       0x08003955   Thumb Code    52  stm32f4xx_hal_cortex.o(i.HAL_SYSTICK_Config)
    HAL_TIMEx_BreakCallback                  0x08003989   Thumb Code     2  stm32f4xx_hal_tim_ex.o(i.HAL_TIMEx_BreakCallback)
    HAL_TIMEx_CommutCallback                 0x0800398b   Thumb Code     2  stm32f4xx_hal_tim_ex.o(i.HAL_TIMEx_CommutCallback)
    HAL_TIMEx_MasterConfigSynchronization    0x0800398d   Thumb Code   150  stm32f4xx_hal_tim_ex.o(i.HAL_TIMEx_MasterConfigSynchronization)
    HAL_TIM_Base_Init                        0x08003a41   Thumb Code    52  stm32f4xx_hal_tim.o(i.HAL_TIM_Base_Init)
    HAL_TIM_Base_MspInit                     0x08003a75   Thumb Code   114  stm32f4xx_hal_msp.o(i.HAL_TIM_Base_MspInit)
    HAL_TIM_Base_Start                       0x08003af1   Thumb Code    42  stm32f4xx_hal_tim.o(i.HAL_TIM_Base_Start)
    HAL_TIM_Base_Start_IT                    0x08003b1b   Thumb Code    42  stm32f4xx_hal_tim.o(i.HAL_TIM_Base_Start_IT)
    HAL_TIM_ConfigClockSource                0x08003b45   Thumb Code   264  stm32f4xx_hal_tim.o(i.HAL_TIM_ConfigClockSource)
    HAL_TIM_IC_CaptureCallback               0x08003c4d   Thumb Code   144  main.o(i.HAL_TIM_IC_CaptureCallback)
    HAL_TIM_IC_ConfigChannel                 0x08003cf1   Thumb Code   224  stm32f4xx_hal_tim.o(i.HAL_TIM_IC_ConfigChannel)
    HAL_TIM_IC_Init                          0x08003dd1   Thumb Code    52  stm32f4xx_hal_tim.o(i.HAL_TIM_IC_Init)
    HAL_TIM_IC_MspInit                       0x08003e05   Thumb Code   138  stm32f4xx_hal_msp.o(i.HAL_TIM_IC_MspInit)
    HAL_TIM_IC_Start_IT                      0x08003e9d   Thumb Code   120  stm32f4xx_hal_tim.o(i.HAL_TIM_IC_Start_IT)
    HAL_TIM_IRQHandler                       0x08003f15   Thumb Code   406  stm32f4xx_hal_tim.o(i.HAL_TIM_IRQHandler)
    HAL_TIM_OC_DelayElapsedCallback          0x080040ab   Thumb Code     2  stm32f4xx_hal_tim.o(i.HAL_TIM_OC_DelayElapsedCallback)
    HAL_TIM_PWM_ConfigChannel                0x080040ad   Thumb Code   264  stm32f4xx_hal_tim.o(i.HAL_TIM_PWM_ConfigChannel)
    HAL_TIM_PWM_Init                         0x080041b5   Thumb Code    52  stm32f4xx_hal_tim.o(i.HAL_TIM_PWM_Init)
    HAL_TIM_PWM_MspInit                      0x080041e9   Thumb Code   124  stm32f4xx_hal_msp.o(i.HAL_TIM_PWM_MspInit)
    HAL_TIM_PWM_PulseFinishedCallback        0x08004271   Thumb Code     2  stm32f4xx_hal_tim.o(i.HAL_TIM_PWM_PulseFinishedCallback)
    HAL_TIM_PWM_Start                        0x08004275   Thumb Code    80  stm32f4xx_hal_tim.o(i.HAL_TIM_PWM_Start)
    HAL_TIM_PeriodElapsedCallback            0x080042cd   Thumb Code    20  main.o(i.HAL_TIM_PeriodElapsedCallback)
    HAL_TIM_ReadCapturedValue                0x080042e9   Thumb Code    50  stm32f4xx_hal_tim.o(i.HAL_TIM_ReadCapturedValue)
    HAL_TIM_TriggerCallback                  0x0800431b   Thumb Code     2  stm32f4xx_hal_tim.o(i.HAL_TIM_TriggerCallback)
    HardFault_Handler                        0x0800431d   Thumb Code     4  stm32f4xx_it.o(i.HardFault_Handler)
    Init_Delay                               0x08004321   Thumb Code   118  delay.o(i.Init_Delay)
    LED_Init                                 0x080043a1   Thumb Code    84  led.o(i.LED_Init)
    MemManage_Handler                        0x0800456d   Thumb Code     4  stm32f4xx_it.o(i.MemManage_Handler)
    NMI_Handler                              0x08004571   Thumb Code     2  stm32f4xx_it.o(i.NMI_Handler)
    PendSV_Handler                           0x08004573   Thumb Code     2  stm32f4xx_it.o(i.PendSV_Handler)
    SVC_Handler                              0x08004575   Thumb Code     2  stm32f4xx_it.o(i.SVC_Handler)
    SysTick_Handler                          0x08004577   Thumb Code     8  stm32f4xx_it.o(i.SysTick_Handler)
    SystemCoreClockUpdate                    0x08004649   Thumb Code   170  system_stm32f4xx.o(i.SystemCoreClockUpdate)
    SystemInit                               0x08004709   Thumb Code    24  system_stm32f4xx.o(i.SystemInit)
    TIM2_IRQHandler                          0x08004725   Thumb Code    10  stm32f4xx_it.o(i.TIM2_IRQHandler)
    TIM4_IRQHandler                          0x08004735   Thumb Code    10  stm32f4xx_it.o(i.TIM4_IRQHandler)
    TIM_Base_SetConfig                       0x08004745   Thumb Code   170  stm32f4xx_hal_tim.o(i.TIM_Base_SetConfig)
    TIM_CCxChannelCmd                        0x0800481d   Thumb Code    34  stm32f4xx_hal_tim.o(i.TIM_CCxChannelCmd)
    TIM_ETR_SetConfig                        0x0800483f   Thumb Code    22  stm32f4xx_hal_tim.o(i.TIM_ETR_SetConfig)
    TIM_OC2_SetConfig                        0x080048d9   Thumb Code   114  stm32f4xx_hal_tim.o(i.TIM_OC2_SetConfig)
    TIM_TI1_SetConfig                        0x08004a49   Thumb Code   114  stm32f4xx_hal_tim.o(i.TIM_TI1_SetConfig)
    USART3_IRQHandler                        0x08004c19   Thumb Code    10  usart_stm32f4xx.o(i.USART3_IRQHandler)
    USART_IRQHandler                         0x0800568b   Thumb Code   626  usart_stm32f4xx.o(i.USART_IRQHandler)
    UsageFault_Handler                       0x0800612d   Thumb Code     4  stm32f4xx_it.o(i.UsageFault_Handler)
    __ARM_fpclassify                         0x08006131   Thumb Code    48  fpclassify.o(i.__ARM_fpclassify)
    _is_digit                                0x08006199   Thumb Code    14  __printf_wp.o(i._is_digit)
    fputc                                    0x080061a7   Thumb Code    26  fputc.o(i.fputc)
    init_USART                               0x080061c1   Thumb Code    86  usart.o(i.init_USART)
    init_Watchdog                            0x0800621d   Thumb Code    34  watchdog.o(i.init_Watchdog)
    main                                     0x08006249   Thumb Code   138  main.o(i.main)
    reset_Watchdog                           0x0800631d   Thumb Code    10  watchdog.o(i.reset_Watchdog)
    tx_USART                                 0x0800632d   Thumb Code    74  usart.o(i.tx_USART)
    _get_lc_numeric                          0x0800637d   Thumb Code    44  lc_numeric_c.o(locale$$code)
    _get_lc_ctype                            0x080063a9   Thumb Code    44  lc_ctype_c.o(locale$$code)
    _fp_init                                 0x080063d5   Thumb Code    10  fpinit.o(x$fpl$fpinit)
    __fplib_config_fpu_vfp                   0x080063dd   Thumb Code     0  fpinit.o(x$fpl$fpinit)
    __fplib_config_pureend_doubles           0x080063dd   Thumb Code     0  fpinit.o(x$fpl$fpinit)
    _printf_fp_dec                           0x080063df   Thumb Code     4  printf1.o(x$fpl$printf1)
    _printf_fp_hex                           0x080063e3   Thumb Code     4  printf2.o(x$fpl$printf2)
    __I$use$fp                               0x080063e6   Number         0  usenofp.o(x$fpl$usenofp)
    Driver_USART3                            0x08006438   Data          56  usart_stm32f4xx.o(.constdata)
    AHBPrescTable                            0x08006470   Data          16  system_stm32f4xx.o(.constdata)
    APBPrescTable                            0x08006480   Data           8  system_stm32f4xx.o(.constdata)
    __stdin_name                             0x080064f2   Data           4  sys_io.o(.constdata)
    __stdout_name                            0x080064f6   Data           4  sys_io.o(.constdata)
    __stderr_name                            0x080064fa   Data           4  sys_io.o(.constdata)
    Region$$Table$$Base                      0x08006594   Number         0  anon$$obj.o(Region$$Table)
    Region$$Table$$Limit                     0x080065b4   Number         0  anon$$obj.o(Region$$Table)
    __ctype                                  0x080065dd   Data           0  lc_ctype_c.o(locale$$data)
    primera                                  0x20000000   Data           1  main.o(.data)
    valor1                                   0x20000004   Data           4  main.o(.data)
    valor2                                   0x20000008   Data           4  main.o(.data)
    diferencia                               0x2000000c   Data           4  main.o(.data)
    frecuencia                               0x20000010   Data           4  main.o(.data)
    size                                     0x20000014   Data           4  main.o(.data)
    uwTick                                   0x2000001c   Data           4  stm32f4xx_hal.o(.data)
    uwTickPrio                               0x20000020   Data           4  stm32f4xx_hal.o(.data)
    uwTickFreq                               0x20000024   Data           1  stm32f4xx_hal.o(.data)
    SystemCoreClock                          0x20000028   Data           4  system_stm32f4xx.o(.data)
    __aeabi_stdin                            0x2000002c   Data           4  stdio_streams.o(.data)
    __aeabi_stdout                           0x20000030   Data           4  stdio_streams.o(.data)
    __aeabi_stderr                           0x20000034   Data           4  stdio_streams.o(.data)
    htim2                                    0x20000038   Data          64  main.o(.bss)
    htim3                                    0x20000078   Data          64  main.o(.bss)
    htim4                                    0x200000b8   Data          64  main.o(.bss)
    buf                                      0x200000f8   Data         100  main.o(.bss)
    htim6                                    0x2000015c   Data          64  delay.o(.bss)
    IwdgHandle                               0x2000019c   Data          12  watchdog.o(.bss)
    __stdin                                  0x200001e0   Data          84  stdio_streams.o(.bss)
    __stdout                                 0x20000234   Data          84  stdio_streams.o(.bss)
    __stderr                                 0x20000288   Data          84  stdio_streams.o(.bss)
    __libspace_start                         0x200002dc   Data          96  libspace.o(.bss)
    __temporary_stack_top$libspace           0x2000033c   Data           0  libspace.o(.bss)



==============================================================================

Memory Map of the image

  Image Entry point : 0x080001ad

  Load Region LR_IROM1 (Base: 0x08000000, Size: 0x00006718, Max: 0x00200000, ABSOLUTE)

    Execution Region ER_IROM1 (Exec base: 0x08000000, Load base: 0x08000000, Size: 0x000066e0, Max: 0x00200000, ABSOLUTE)

    Exec Addr    Load Addr    Size         Type   Attr      Idx    E Section Name        Object

    0x08000000   0x08000000   0x000001ac   Data   RO         2808    RESET               startup_stm32f429xx.o
    0x080001ac   0x080001ac   0x00000008   Code   RO         2920  * !!!main             c_w.l(__main.o)
    0x080001b4   0x080001b4   0x00000034   Code   RO         3410    !!!scatter          c_w.l(__scatter.o)
    0x080001e8   0x080001e8   0x0000001a   Code   RO         3412    !!handler_copy      c_w.l(__scatter_copy.o)
    0x08000202   0x08000202   0x00000002   PAD
    0x08000204   0x08000204   0x0000001c   Code   RO         3414    !!handler_zi        c_w.l(__scatter_zi.o)
    0x08000220   0x08000220   0x00000000   Code   RO         2915    .ARM.Collect$$_printf_percent$$00000000  c_w.l(_printf_percent.o)
    0x08000220   0x08000220   0x00000006   Code   RO         2977    .ARM.Collect$$_printf_percent$$00000001  c_w.l(_printf_n.o)
    0x08000226   0x08000226   0x00000006   Code   RO         2979    .ARM.Collect$$_printf_percent$$00000002  c_w.l(_printf_p.o)
    0x0800022c   0x0800022c   0x00000006   Code   RO         2983    .ARM.Collect$$_printf_percent$$00000003  c_w.l(_printf_f.o)
    0x08000232   0x08000232   0x00000006   Code   RO         2984    .ARM.Collect$$_printf_percent$$00000004  c_w.l(_printf_e.o)
    0x08000238   0x08000238   0x00000006   Code   RO         2985    .ARM.Collect$$_printf_percent$$00000005  c_w.l(_printf_g.o)
    0x0800023e   0x0800023e   0x00000006   Code   RO         2986    .ARM.Collect$$_printf_percent$$00000006  c_w.l(_printf_a.o)
    0x08000244   0x08000244   0x0000000a   Code   RO         2991    .ARM.Collect$$_printf_percent$$00000007  c_w.l(_printf_ll.o)
    0x0800024e   0x0800024e   0x00000006   Code   RO         2981    .ARM.Collect$$_printf_percent$$00000008  c_w.l(_printf_i.o)
    0x08000254   0x08000254   0x00000006   Code   RO         2914    .ARM.Collect$$_printf_percent$$00000009  c_w.l(_printf_d.o)
    0x0800025a   0x0800025a   0x00000006   Code   RO         2982    .ARM.Collect$$_printf_percent$$0000000A  c_w.l(_printf_u.o)
    0x08000260   0x08000260   0x00000006   Code   RO         2980    .ARM.Collect$$_printf_percent$$0000000B  c_w.l(_printf_o.o)
    0x08000266   0x08000266   0x00000006   Code   RO         2978    .ARM.Collect$$_printf_percent$$0000000C  c_w.l(_printf_x.o)
    0x0800026c   0x0800026c   0x00000006   Code   RO         2988    .ARM.Collect$$_printf_percent$$0000000D  c_w.l(_printf_lli.o)
    0x08000272   0x08000272   0x00000006   Code   RO         2989    .ARM.Collect$$_printf_percent$$0000000E  c_w.l(_printf_lld.o)
    0x08000278   0x08000278   0x00000006   Code   RO         2990    .ARM.Collect$$_printf_percent$$0000000F  c_w.l(_printf_llu.o)
    0x0800027e   0x0800027e   0x00000006   Code   RO         2995    .ARM.Collect$$_printf_percent$$00000010  c_w.l(_printf_llo.o)
    0x08000284   0x08000284   0x00000006   Code   RO         2996    .ARM.Collect$$_printf_percent$$00000011  c_w.l(_printf_llx.o)
    0x0800028a   0x0800028a   0x0000000a   Code   RO         2992    .ARM.Collect$$_printf_percent$$00000012  c_w.l(_printf_l.o)
    0x08000294   0x08000294   0x00000006   Code   RO         2975    .ARM.Collect$$_printf_percent$$00000013  c_w.l(_printf_c.o)
    0x0800029a   0x0800029a   0x00000006   Code   RO         2976    .ARM.Collect$$_printf_percent$$00000014  c_w.l(_printf_s.o)
    0x080002a0   0x080002a0   0x00000006   Code   RO         2993    .ARM.Collect$$_printf_percent$$00000015  c_w.l(_printf_lc.o)
    0x080002a6   0x080002a6   0x00000006   Code   RO         2994    .ARM.Collect$$_printf_percent$$00000016  c_w.l(_printf_ls.o)
    0x080002ac   0x080002ac   0x00000004   Code   RO         2987    .ARM.Collect$$_printf_percent$$00000017  c_w.l(_printf_percent_end.o)
    0x080002b0   0x080002b0   0x00000002   Code   RO         3187    .ARM.Collect$$libinit$$00000000  c_w.l(libinit.o)
    0x080002b2   0x080002b2   0x00000004   Code   RO         3188    .ARM.Collect$$libinit$$00000001  c_w.l(libinit2.o)
    0x080002b6   0x080002b6   0x00000000   Code   RO         3191    .ARM.Collect$$libinit$$00000004  c_w.l(libinit2.o)
    0x080002b6   0x080002b6   0x00000008   Code   RO         3192    .ARM.Collect$$libinit$$00000005  c_w.l(libinit2.o)
    0x080002be   0x080002be   0x00000000   Code   RO         3194    .ARM.Collect$$libinit$$0000000A  c_w.l(libinit2.o)
    0x080002be   0x080002be   0x00000000   Code   RO         3196    .ARM.Collect$$libinit$$0000000C  c_w.l(libinit2.o)
    0x080002be   0x080002be   0x00000000   Code   RO         3198    .ARM.Collect$$libinit$$0000000E  c_w.l(libinit2.o)
    0x080002be   0x080002be   0x00000006   Code   RO         3199    .ARM.Collect$$libinit$$0000000F  c_w.l(libinit2.o)
    0x080002c4   0x080002c4   0x00000000   Code   RO         3201    .ARM.Collect$$libinit$$00000011  c_w.l(libinit2.o)
    0x080002c4   0x080002c4   0x0000000c   Code   RO         3202    .ARM.Collect$$libinit$$00000012  c_w.l(libinit2.o)
    0x080002d0   0x080002d0   0x00000000   Code   RO         3203    .ARM.Collect$$libinit$$00000013  c_w.l(libinit2.o)
    0x080002d0   0x080002d0   0x00000000   Code   RO         3205    .ARM.Collect$$libinit$$00000015  c_w.l(libinit2.o)
    0x080002d0   0x080002d0   0x0000000a   Code   RO         3206    .ARM.Collect$$libinit$$00000016  c_w.l(libinit2.o)
    0x080002da   0x080002da   0x00000000   Code   RO         3207    .ARM.Collect$$libinit$$00000017  c_w.l(libinit2.o)
    0x080002da   0x080002da   0x00000000   Code   RO         3209    .ARM.Collect$$libinit$$00000019  c_w.l(libinit2.o)
    0x080002da   0x080002da   0x00000000   Code   RO         3211    .ARM.Collect$$libinit$$0000001B  c_w.l(libinit2.o)
    0x080002da   0x080002da   0x00000000   Code   RO         3213    .ARM.Collect$$libinit$$0000001D  c_w.l(libinit2.o)
    0x080002da   0x080002da   0x00000000   Code   RO         3215    .ARM.Collect$$libinit$$0000001F  c_w.l(libinit2.o)
    0x080002da   0x080002da   0x00000000   Code   RO         3217    .ARM.Collect$$libinit$$00000021  c_w.l(libinit2.o)
    0x080002da   0x080002da   0x00000000   Code   RO         3219    .ARM.Collect$$libinit$$00000023  c_w.l(libinit2.o)
    0x080002da   0x080002da   0x00000004   Code   RO         3220    .ARM.Collect$$libinit$$00000024  c_w.l(libinit2.o)
    0x080002de   0x080002de   0x00000000   Code   RO         3221    .ARM.Collect$$libinit$$00000025  c_w.l(libinit2.o)
    0x080002de   0x080002de   0x00000000   Code   RO         3225    .ARM.Collect$$libinit$$0000002C  c_w.l(libinit2.o)
    0x080002de   0x080002de   0x00000000   Code   RO         3227    .ARM.Collect$$libinit$$0000002E  c_w.l(libinit2.o)
    0x080002de   0x080002de   0x00000000   Code   RO         3229    .ARM.Collect$$libinit$$00000030  c_w.l(libinit2.o)
    0x080002de   0x080002de   0x00000000   Code   RO         3231    .ARM.Collect$$libinit$$00000032  c_w.l(libinit2.o)
    0x080002de   0x080002de   0x00000002   Code   RO         3232    .ARM.Collect$$libinit$$00000033  c_w.l(libinit2.o)
    0x080002e0   0x080002e0   0x00000002   Code   RO         3391    .ARM.Collect$$libshutdown$$00000000  c_w.l(libshutdown.o)
    0x080002e2   0x080002e2   0x00000000   Code   RO         3234    .ARM.Collect$$libshutdown$$00000002  c_w.l(libshutdown2.o)
    0x080002e2   0x080002e2   0x00000004   Code   RO         3235    .ARM.Collect$$libshutdown$$00000003  c_w.l(libshutdown2.o)
    0x080002e6   0x080002e6   0x00000000   Code   RO         3236    .ARM.Collect$$libshutdown$$00000004  c_w.l(libshutdown2.o)
    0x080002e6   0x080002e6   0x00000000   Code   RO         3239    .ARM.Collect$$libshutdown$$00000007  c_w.l(libshutdown2.o)
    0x080002e6   0x080002e6   0x00000000   Code   RO         3242    .ARM.Collect$$libshutdown$$0000000A  c_w.l(libshutdown2.o)
    0x080002e6   0x080002e6   0x00000000   Code   RO         3244    .ARM.Collect$$libshutdown$$0000000C  c_w.l(libshutdown2.o)
    0x080002e6   0x080002e6   0x00000000   Code   RO         3247    .ARM.Collect$$libshutdown$$0000000F  c_w.l(libshutdown2.o)
    0x080002e6   0x080002e6   0x00000002   Code   RO         3248    .ARM.Collect$$libshutdown$$00000010  c_w.l(libshutdown2.o)
    0x080002e8   0x080002e8   0x00000000   Code   RO         2922    .ARM.Collect$$rtentry$$00000000  c_w.l(__rtentry.o)
    0x080002e8   0x080002e8   0x00000000   Code   RO         3012    .ARM.Collect$$rtentry$$00000002  c_w.l(__rtentry2.o)
    0x080002e8   0x080002e8   0x00000006   Code   RO         3024    .ARM.Collect$$rtentry$$00000004  c_w.l(__rtentry4.o)
    0x080002ee   0x080002ee   0x00000000   Code   RO         3014    .ARM.Collect$$rtentry$$00000009  c_w.l(__rtentry2.o)
    0x080002ee   0x080002ee   0x00000004   Code   RO         3015    .ARM.Collect$$rtentry$$0000000A  c_w.l(__rtentry2.o)
    0x080002f2   0x080002f2   0x00000000   Code   RO         3017    .ARM.Collect$$rtentry$$0000000C  c_w.l(__rtentry2.o)
    0x080002f2   0x080002f2   0x00000008   Code   RO         3018    .ARM.Collect$$rtentry$$0000000D  c_w.l(__rtentry2.o)
    0x080002fa   0x080002fa   0x00000002   Code   RO         3262    .ARM.Collect$$rtexit$$00000000  c_w.l(rtexit.o)
    0x080002fc   0x080002fc   0x00000000   Code   RO         3327    .ARM.Collect$$rtexit$$00000002  c_w.l(rtexit2.o)
    0x080002fc   0x080002fc   0x00000004   Code   RO         3328    .ARM.Collect$$rtexit$$00000003  c_w.l(rtexit2.o)
    0x08000300   0x08000300   0x00000006   Code   RO         3329    .ARM.Collect$$rtexit$$00000004  c_w.l(rtexit2.o)
    0x08000306   0x08000306   0x00000002   PAD
    0x08000308   0x08000308   0x00000000   Code   RO         3333    .emb_text           c_w.l(maybetermalloc1.o)
    0x08000308   0x08000308   0x00000040   Code   RO         2809    .text               startup_stm32f429xx.o
    0x08000348   0x08000348   0x000000ee   Code   RO         2882    .text               c_w.l(lludivv7m.o)
    0x08000436   0x08000436   0x00000002   PAD
    0x08000438   0x08000438   0x00000018   Code   RO         2884    .text               c_w.l(printf.o)
    0x08000450   0x08000450   0x0000002c   Code   RO         2886    .text               c_w.l(__2sprintf.o)
    0x0800047c   0x0800047c   0x00000078   Code   RO         2892    .text               c_w.l(_printf_dec.o)
    0x080004f4   0x080004f4   0x00000188   Code   RO         2911    .text               c_w.l(__printf_flags_ss_wp.o)
    0x0800067c   0x0800067c   0x0000004e   Code   RO         2916    .text               c_w.l(rt_memclr_w.o)
    0x080006ca   0x080006ca   0x00000006   Code   RO         2918    .text               c_w.l(heapauxi.o)
    0x080006d0   0x080006d0   0x0000004e   Code   RO         2927    .text               c_w.l(_printf_pad.o)
    0x0800071e   0x0800071e   0x00000024   Code   RO         2929    .text               c_w.l(_printf_truncate.o)
    0x08000742   0x08000742   0x00000052   Code   RO         2931    .text               c_w.l(_printf_str.o)
    0x08000794   0x08000794   0x000000b2   Code   RO         2933    .text               c_w.l(_printf_intcommon.o)
    0x08000846   0x08000846   0x00000028   Code   RO         2935    .text               c_w.l(_printf_charcount.o)
    0x0800086e   0x0800086e   0x00000002   PAD
    0x08000870   0x08000870   0x00000030   Code   RO         2937    .text               c_w.l(_printf_char_common.o)
    0x080008a0   0x080008a0   0x0000000a   Code   RO         2939    .text               c_w.l(_sputc.o)
    0x080008aa   0x080008aa   0x00000002   PAD
    0x080008ac   0x080008ac   0x00000024   Code   RO         2941    .text               c_w.l(_printf_char_file.o)
    0x080008d0   0x080008d0   0x000000bc   Code   RO         2943    .text               c_w.l(_printf_wctomb.o)
    0x0800098c   0x0800098c   0x0000007c   Code   RO         2946    .text               c_w.l(_printf_longlong_dec.o)
    0x08000a08   0x08000a08   0x00000070   Code   RO         2952    .text               c_w.l(_printf_oct_int_ll.o)
    0x08000a78   0x08000a78   0x00000094   Code   RO         2972    .text               c_w.l(_printf_hex_int_ll_ptr.o)
    0x08000b0c   0x08000b0c   0x0000008a   Code   RO         3028    .text               c_w.l(lludiv10.o)
    0x08000b96   0x08000b96   0x0000041e   Code   RO         3030    .text               c_w.l(_printf_fp_dec.o)
    0x08000fb4   0x08000fb4   0x000002fc   Code   RO         3032    .text               c_w.l(_printf_fp_hex.o)
    0x080012b0   0x080012b0   0x0000002c   Code   RO         3037    .text               c_w.l(_printf_char.o)
    0x080012dc   0x080012dc   0x0000002c   Code   RO         3039    .text               c_w.l(_printf_wchar.o)
    0x08001308   0x08001308   0x00000008   Code   RO         3041    .text               c_w.l(ferror.o)
    0x08001310   0x08001310   0x00000138   Code   RO         3047    .text               c_w.l(initio.o)
    0x08001448   0x08001448   0x00000040   Code   RO         3055    .text               c_w.l(_wcrtomb.o)
    0x08001488   0x08001488   0x00000066   Code   RO         3057    .text               c_w.l(sys_io.o)
    0x080014ee   0x080014ee   0x0000004a   Code   RO         3064    .text               c_w.l(sys_stackheap_outer.o)
    0x08001538   0x08001538   0x00000010   Code   RO         3066    .text               c_w.l(rt_ctype_table.o)
    0x08001548   0x08001548   0x00000008   Code   RO         3071    .text               c_w.l(rt_locale_intlibspace.o)
    0x08001550   0x08001550   0x0000004e   Code   RO         3075    .text               c_w.l(h1_free.o)
    0x0800159e   0x0800159e   0x00000002   PAD
    0x080015a0   0x080015a0   0x00000080   Code   RO         3129    .text               c_w.l(_printf_fp_infnan.o)
    0x08001620   0x08001620   0x000000e4   Code   RO         3131    .text               c_w.l(bigflt0.o)
    0x08001704   0x08001704   0x000001d6   Code   RO         3156    .text               c_w.l(flsbuf.o)
    0x080018da   0x080018da   0x00000046   Code   RO         3158    .text               c_w.l(setvbuf.o)
    0x08001920   0x08001920   0x000000ec   Code   RO         3161    .text               c_w.l(fopen.o)
    0x08001a0c   0x08001a0c   0x0000004c   Code   RO         3163    .text               c_w.l(fclose.o)
    0x08001a58   0x08001a58   0x00000012   Code   RO         3172    .text               c_w.l(exit.o)
    0x08001a6a   0x08001a6a   0x0000000e   Code   RO         3178    .text               c_w.l(defsig_rtred_outer.o)
    0x08001a78   0x08001a78   0x00000008   Code   RO         3256    .text               c_w.l(libspace.o)
    0x08001a80   0x08001a80   0x00000002   Code   RO         3259    .text               c_w.l(use_no_semi.o)
    0x08001a82   0x08001a82   0x00000000   Code   RO         3261    .text               c_w.l(indicate_semi.o)
    0x08001a82   0x08001a82   0x00000002   PAD
    0x08001a84   0x08001a84   0x00000008   Code   RO         3269    .text               c_w.l(rt_heap_descriptor_intlibspace.o)
    0x08001a8c   0x08001a8c   0x00000004   Code   RO         3271    .text               c_w.l(hguard.o)
    0x08001a90   0x08001a90   0x0000008a   Code   RO         3273    .text               c_w.l(init_alloc.o)
    0x08001b1a   0x08001b1a   0x0000005e   Code   RO         3279    .text               c_w.l(h1_alloc.o)
    0x08001b78   0x08001b78   0x000000f8   Code   RO         3295    .text               c_w.l(fseek.o)
    0x08001c70   0x08001c70   0x000000f0   Code   RO         3297    .text               c_w.l(stdio.o)
    0x08001d60   0x08001d60   0x0000000a   Code   RO         3306    .text               c_w.l(defsig_exit.o)
    0x08001d6a   0x08001d6a   0x00000002   PAD
    0x08001d6c   0x08001d6c   0x00000034   Code   RO         3310    .text               c_w.l(defsig_rtred_inner.o)
    0x08001da0   0x08001da0   0x0000003e   Code   RO         3314    .text               c_w.l(strlen.o)
    0x08001dde   0x08001dde   0x00000002   PAD
    0x08001de0   0x08001de0   0x00000080   Code   RO         3318    .text               c_w.l(strcmpv7m.o)
    0x08001e60   0x08001e60   0x0000000c   Code   RO         3324    .text               c_w.l(sys_exit.o)
    0x08001e6c   0x08001e6c   0x0000000e   Code   RO         3335    .text               c_w.l(h1_init.o)
    0x08001e7a   0x08001e7a   0x00000034   Code   RO         3337    .text               c_w.l(h1_extend.o)
    0x08001eae   0x08001eae   0x00000042   Code   RO         3347    .text               c_w.l(ftell.o)
    0x08001ef0   0x08001ef0   0x00000032   Code   RO         3355    .text               c_w.l(defsig_general.o)
    0x08001f22   0x08001f22   0x0000000e   Code   RO         3357    .text               c_w.l(defsig_rtmem_outer.o)
    0x08001f30   0x08001f30   0x0000000e   Code   RO         3372    .text               c_w.l(sys_wrch.o)
    0x08001f3e   0x08001f3e   0x00000002   PAD
    0x08001f40   0x08001f40   0x00000008   Code   RO         3379    .text               c_w.l(rt_errno_addr_intlibspace.o)
    0x08001f48   0x08001f48   0x00000050   Code   RO         3385    .text               c_w.l(defsig_rtmem_inner.o)
    0x08001f98   0x08001f98   0x0000003e   Code   RO         3134    CL$$btod_d2e        c_w.l(btod.o)
    0x08001fd6   0x08001fd6   0x00000046   Code   RO         3136    CL$$btod_d2e_denorm_low  c_w.l(btod.o)
    0x0800201c   0x0800201c   0x00000060   Code   RO         3135    CL$$btod_d2e_norm_op1  c_w.l(btod.o)
    0x0800207c   0x0800207c   0x00000338   Code   RO         3144    CL$$btod_div_common  c_w.l(btod.o)
    0x080023b4   0x080023b4   0x000000dc   Code   RO         3141    CL$$btod_e2e        c_w.l(btod.o)
    0x08002490   0x08002490   0x0000002a   Code   RO         3138    CL$$btod_ediv       c_w.l(btod.o)
    0x080024ba   0x080024ba   0x0000002a   Code   RO         3137    CL$$btod_emul       c_w.l(btod.o)
    0x080024e4   0x080024e4   0x00000244   Code   RO         3143    CL$$btod_mult_common  c_w.l(btod.o)
    0x08002728   0x08002728   0x00000004   Code   RO          199    i.BusFault_Handler  stm32f4xx_it.o
    0x0800272c   0x0800272c   0x00000002   Code   RO          200    i.DebugMon_Handler  stm32f4xx_it.o
    0x0800272e   0x0800272e   0x0000001a   Code   RO          426    i.Delay_ms          delay.o
    0x08002748   0x08002748   0x00000018   Code   RO          427    i.Delay_us          delay.o
    0x08002760   0x08002760   0x00000184   Code   RO          498    i.Enable_GPIO_Clock  usart_stm32f4xx.o
    0x080028e4   0x080028e4   0x00000244   Code   RO            4    i.Error_Handler     main.o
    0x08002b28   0x08002b28   0x000000aa   Code   RO         1034    i.HAL_DMA_Abort     stm32f4xx_hal_dma.o
    0x08002bd2   0x08002bd2   0x00000002   PAD
    0x08002bd4   0x08002bd4   0x00000180   Code   RO         1178    i.HAL_GPIO_DeInit   stm32f4xx_hal_gpio.o
    0x08002d54   0x08002d54   0x0000021c   Code   RO         1181    i.HAL_GPIO_Init     stm32f4xx_hal_gpio.o
    0x08002f70   0x08002f70   0x00000010   Code   RO         1183    i.HAL_GPIO_ReadPin  stm32f4xx_hal_gpio.o
    0x08002f80   0x08002f80   0x00000012   Code   RO         1184    i.HAL_GPIO_TogglePin  stm32f4xx_hal_gpio.o
    0x08002f92   0x08002f92   0x0000000c   Code   RO         1185    i.HAL_GPIO_WritePin  stm32f4xx_hal_gpio.o
    0x08002f9e   0x08002f9e   0x00000002   PAD
    0x08002fa0   0x08002fa0   0x0000000c   Code   RO          708    i.HAL_GetTick       stm32f4xx_hal.o
    0x08002fac   0x08002fac   0x00000050   Code   RO         2853    i.HAL_IWDG_Init     stm32f4xx_hal_iwdg.o
    0x08002ffc   0x08002ffc   0x0000000e   Code   RO         2854    i.HAL_IWDG_Refresh  stm32f4xx_hal_iwdg.o
    0x0800300a   0x0800300a   0x00000002   PAD
    0x0800300c   0x0800300c   0x00000018   Code   RO          714    i.HAL_IncTick       stm32f4xx_hal.o
    0x08003024   0x08003024   0x00000030   Code   RO          715    i.HAL_Init          stm32f4xx_hal.o
    0x08003054   0x08003054   0x0000004c   Code   RO          716    i.HAL_InitTick      stm32f4xx_hal.o
    0x080030a0   0x080030a0   0x00000048   Code   RO          288    i.HAL_MspInit       stm32f4xx_hal_msp.o
    0x080030e8   0x080030e8   0x0000002c   Code   RO          895    i.HAL_NVIC_DisableIRQ  stm32f4xx_hal_cortex.o
    0x08003114   0x08003114   0x00000028   Code   RO          896    i.HAL_NVIC_EnableIRQ  stm32f4xx_hal_cortex.o
    0x0800313c   0x0800313c   0x0000007c   Code   RO          902    i.HAL_NVIC_SetPriority  stm32f4xx_hal_cortex.o
    0x080031b8   0x080031b8   0x00000028   Code   RO          903    i.HAL_NVIC_SetPriorityGrouping  stm32f4xx_hal_cortex.o
    0x080031e0   0x080031e0   0x0000008c   Code   RO         1370    i.HAL_PWREx_EnableOverDrive  stm32f4xx_hal_pwr_ex.o
    0x0800326c   0x0800326c   0x00000184   Code   RO         1437    i.HAL_RCC_ClockConfig  stm32f4xx_hal_rcc.o
    0x080033f0   0x080033f0   0x0000000c   Code   RO         1442    i.HAL_RCC_GetHCLKFreq  stm32f4xx_hal_rcc.o
    0x080033fc   0x080033fc   0x00000020   Code   RO         1444    i.HAL_RCC_GetPCLK1Freq  stm32f4xx_hal_rcc.o
    0x0800341c   0x0800341c   0x000000b0   Code   RO         1446    i.HAL_RCC_GetSysClockFreq  stm32f4xx_hal_rcc.o
    0x080034cc   0x080034cc   0x00000488   Code   RO         1449    i.HAL_RCC_OscConfig  stm32f4xx_hal_rcc.o
    0x08003954   0x08003954   0x00000034   Code   RO          907    i.HAL_SYSTICK_Config  stm32f4xx_hal_cortex.o
    0x08003988   0x08003988   0x00000002   Code   RO         2292    i.HAL_TIMEx_BreakCallback  stm32f4xx_hal_tim_ex.o
    0x0800398a   0x0800398a   0x00000002   Code   RO         2293    i.HAL_TIMEx_CommutCallback  stm32f4xx_hal_tim_ex.o
    0x0800398c   0x0800398c   0x000000b4   Code   RO         2310    i.HAL_TIMEx_MasterConfigSynchronization  stm32f4xx_hal_tim_ex.o
    0x08003a40   0x08003a40   0x00000034   Code   RO         1606    i.HAL_TIM_Base_Init  stm32f4xx_hal_tim.o
    0x08003a74   0x08003a74   0x0000007c   Code   RO          290    i.HAL_TIM_Base_MspInit  stm32f4xx_hal_msp.o
    0x08003af0   0x08003af0   0x0000002a   Code   RO         1609    i.HAL_TIM_Base_Start  stm32f4xx_hal_tim.o
    0x08003b1a   0x08003b1a   0x0000002a   Code   RO         1611    i.HAL_TIM_Base_Start_IT  stm32f4xx_hal_tim.o
    0x08003b44   0x08003b44   0x00000108   Code   RO         1615    i.HAL_TIM_ConfigClockSource  stm32f4xx_hal_tim.o
    0x08003c4c   0x08003c4c   0x000000a4   Code   RO            5    i.HAL_TIM_IC_CaptureCallback  main.o
    0x08003cf0   0x08003cf0   0x000000e0   Code   RO         1637    i.HAL_TIM_IC_ConfigChannel  stm32f4xx_hal_tim.o
    0x08003dd0   0x08003dd0   0x00000034   Code   RO         1640    i.HAL_TIM_IC_Init   stm32f4xx_hal_tim.o
    0x08003e04   0x08003e04   0x00000098   Code   RO          292    i.HAL_TIM_IC_MspInit  stm32f4xx_hal_msp.o
    0x08003e9c   0x08003e9c   0x00000078   Code   RO         1645    i.HAL_TIM_IC_Start_IT  stm32f4xx_hal_tim.o
    0x08003f14   0x08003f14   0x00000196   Code   RO         1649    i.HAL_TIM_IRQHandler  stm32f4xx_hal_tim.o
    0x080040aa   0x080040aa   0x00000002   Code   RO         1652    i.HAL_TIM_OC_DelayElapsedCallback  stm32f4xx_hal_tim.o
    0x080040ac   0x080040ac   0x00000108   Code   RO         1673    i.HAL_TIM_PWM_ConfigChannel  stm32f4xx_hal_tim.o
    0x080041b4   0x080041b4   0x00000034   Code   RO         1676    i.HAL_TIM_PWM_Init  stm32f4xx_hal_tim.o
    0x080041e8   0x080041e8   0x00000088   Code   RO          295    i.HAL_TIM_PWM_MspInit  stm32f4xx_hal_msp.o
    0x08004270   0x08004270   0x00000002   Code   RO         1679    i.HAL_TIM_PWM_PulseFinishedCallback  stm32f4xx_hal_tim.o
    0x08004272   0x08004272   0x00000002   PAD
    0x08004274   0x08004274   0x00000058   Code   RO         1681    i.HAL_TIM_PWM_Start  stm32f4xx_hal_tim.o
    0x080042cc   0x080042cc   0x0000001c   Code   RO            6    i.HAL_TIM_PeriodElapsedCallback  main.o
    0x080042e8   0x080042e8   0x00000032   Code   RO         1689    i.HAL_TIM_ReadCapturedValue  stm32f4xx_hal_tim.o
    0x0800431a   0x0800431a   0x00000002   Code   RO         1692    i.HAL_TIM_TriggerCallback  stm32f4xx_hal_tim.o
    0x0800431c   0x0800431c   0x00000004   Code   RO          201    i.HardFault_Handler  stm32f4xx_it.o
    0x08004320   0x08004320   0x00000080   Code   RO          428    i.Init_Delay        delay.o
    0x080043a0   0x080043a0   0x0000005c   Code   RO          359    i.LED_Init          led.o
    0x080043fc   0x080043fc   0x00000084   Code   RO            7    i.MX_TIM2_Init      main.o
    0x08004480   0x08004480   0x00000080   Code   RO            8    i.MX_TIM3_Init      main.o
    0x08004500   0x08004500   0x0000006c   Code   RO            9    i.MX_TIM4_Init      main.o
    0x0800456c   0x0800456c   0x00000004   Code   RO          202    i.MemManage_Handler  stm32f4xx_it.o
    0x08004570   0x08004570   0x00000002   Code   RO          203    i.NMI_Handler       stm32f4xx_it.o
    0x08004572   0x08004572   0x00000002   Code   RO          204    i.PendSV_Handler    stm32f4xx_it.o
    0x08004574   0x08004574   0x00000002   Code   RO          205    i.SVC_Handler       stm32f4xx_it.o
    0x08004576   0x08004576   0x00000008   Code   RO          206    i.SysTick_Handler   stm32f4xx_it.o
    0x0800457e   0x0800457e   0x00000002   PAD
    0x08004580   0x08004580   0x000000c8   Code   RO           10    i.SystemClock_Config  main.o
    0x08004648   0x08004648   0x000000c0   Code   RO         2816    i.SystemCoreClockUpdate  system_stm32f4xx.o
    0x08004708   0x08004708   0x0000001c   Code   RO         2817    i.SystemInit        system_stm32f4xx.o
    0x08004724   0x08004724   0x00000010   Code   RO          207    i.TIM2_IRQHandler   stm32f4xx_it.o
    0x08004734   0x08004734   0x00000010   Code   RO          208    i.TIM4_IRQHandler   stm32f4xx_it.o
    0x08004744   0x08004744   0x000000d8   Code   RO         1694    i.TIM_Base_SetConfig  stm32f4xx_hal_tim.o
    0x0800481c   0x0800481c   0x00000022   Code   RO         1695    i.TIM_CCxChannelCmd  stm32f4xx_hal_tim.o
    0x0800483e   0x0800483e   0x00000016   Code   RO         1705    i.TIM_ETR_SetConfig  stm32f4xx_hal_tim.o
    0x08004854   0x08004854   0x00000012   Code   RO         1706    i.TIM_ITRx_SetConfig  stm32f4xx_hal_tim.o
    0x08004866   0x08004866   0x00000002   PAD
    0x08004868   0x08004868   0x00000070   Code   RO         1707    i.TIM_OC1_SetConfig  stm32f4xx_hal_tim.o
    0x080048d8   0x080048d8   0x0000007c   Code   RO         1708    i.TIM_OC2_SetConfig  stm32f4xx_hal_tim.o
    0x08004954   0x08004954   0x00000078   Code   RO         1709    i.TIM_OC3_SetConfig  stm32f4xx_hal_tim.o
    0x080049cc   0x080049cc   0x00000054   Code   RO         1710    i.TIM_OC4_SetConfig  stm32f4xx_hal_tim.o
    0x08004a20   0x08004a20   0x00000026   Code   RO         1712    i.TIM_TI1_ConfigInputStage  stm32f4xx_hal_tim.o
    0x08004a46   0x08004a46   0x00000002   PAD
    0x08004a48   0x08004a48   0x00000090   Code   RO         1713    i.TIM_TI1_SetConfig  stm32f4xx_hal_tim.o
    0x08004ad8   0x08004ad8   0x00000028   Code   RO         1714    i.TIM_TI2_ConfigInputStage  stm32f4xx_hal_tim.o
    0x08004b00   0x08004b00   0x0000003a   Code   RO         1715    i.TIM_TI2_SetConfig  stm32f4xx_hal_tim.o
    0x08004b3a   0x08004b3a   0x00000038   Code   RO         1716    i.TIM_TI3_SetConfig  stm32f4xx_hal_tim.o
    0x08004b72   0x08004b72   0x0000003c   Code   RO         1717    i.TIM_TI4_SetConfig  stm32f4xx_hal_tim.o
    0x08004bae   0x08004bae   0x00000002   PAD
    0x08004bb0   0x08004bb0   0x00000018   Code   RO          499    i.USART3_Control    usart_stm32f4xx.o
    0x08004bc8   0x08004bc8   0x00000010   Code   RO          500    i.USART3_GetCapabilities  usart_stm32f4xx.o
    0x08004bd8   0x08004bd8   0x00000010   Code   RO          501    i.USART3_GetModemStatus  usart_stm32f4xx.o
    0x08004be8   0x08004be8   0x00000010   Code   RO          502    i.USART3_GetRxCount  usart_stm32f4xx.o
    0x08004bf8   0x08004bf8   0x00000010   Code   RO          503    i.USART3_GetStatus  usart_stm32f4xx.o
    0x08004c08   0x08004c08   0x00000010   Code   RO          504    i.USART3_GetTxCount  usart_stm32f4xx.o
    0x08004c18   0x08004c18   0x00000010   Code   RO          505    i.USART3_IRQHandler  usart_stm32f4xx.o
    0x08004c28   0x08004c28   0x00000014   Code   RO          506    i.USART3_Initialize  usart_stm32f4xx.o
    0x08004c3c   0x08004c3c   0x00000014   Code   RO          507    i.USART3_PowerControl  usart_stm32f4xx.o
    0x08004c50   0x08004c50   0x00000018   Code   RO          508    i.USART3_Receive    usart_stm32f4xx.o
    0x08004c68   0x08004c68   0x00000018   Code   RO          509    i.USART3_Send       usart_stm32f4xx.o
    0x08004c80   0x08004c80   0x00000014   Code   RO          510    i.USART3_SetModemControl  usart_stm32f4xx.o
    0x08004c94   0x08004c94   0x0000001c   Code   RO          511    i.USART3_Transfer   usart_stm32f4xx.o
    0x08004cb0   0x08004cb0   0x00000010   Code   RO          512    i.USART3_Uninitialize  usart_stm32f4xx.o
    0x08004cc0   0x08004cc0   0x000008ec   Code   RO          513    i.USART_Control     usart_stm32f4xx.o
    0x080055ac   0x080055ac   0x00000006   Code   RO          514    i.USART_GetCapabilities  usart_stm32f4xx.o
    0x080055b2   0x080055b2   0x00000052   Code   RO          515    i.USART_GetModemStatus  usart_stm32f4xx.o
    0x08005604   0x08005604   0x00000008   Code   RO          516    i.USART_GetRxCount  usart_stm32f4xx.o
    0x0800560c   0x0800560c   0x00000076   Code   RO          517    i.USART_GetStatus   usart_stm32f4xx.o
    0x08005682   0x08005682   0x00000008   Code   RO          518    i.USART_GetTxCount  usart_stm32f4xx.o
    0x0800568a   0x0800568a   0x00000272   Code   RO          519    i.USART_IRQHandler  usart_stm32f4xx.o
    0x080058fc   0x080058fc   0x00000092   Code   RO          520    i.USART_Initialize  usart_stm32f4xx.o
    0x0800598e   0x0800598e   0x00000002   PAD
    0x08005990   0x08005990   0x0000019c   Code   RO          521    i.USART_PeripheralReset  usart_stm32f4xx.o
    0x08005b2c   0x08005b2c   0x00000364   Code   RO          522    i.USART_PowerControl  usart_stm32f4xx.o
    0x08005e90   0x08005e90   0x000000a2   Code   RO          523    i.USART_Receive     usart_stm32f4xx.o
    0x08005f32   0x08005f32   0x00000088   Code   RO          524    i.USART_Send        usart_stm32f4xx.o
    0x08005fba   0x08005fba   0x0000008c   Code   RO          525    i.USART_SetModemControl  usart_stm32f4xx.o
    0x08006046   0x08006046   0x0000006a   Code   RO          526    i.USART_Transfer    usart_stm32f4xx.o
    0x080060b0   0x080060b0   0x0000006a   Code   RO          527    i.USART_Uninitialize  usart_stm32f4xx.o
    0x0800611a   0x0800611a   0x00000002   PAD
    0x0800611c   0x0800611c   0x00000010   Code   RO          528    i.USARTx_GetVersion  usart_stm32f4xx.o
    0x0800612c   0x0800612c   0x00000004   Code   RO          209    i.UsageFault_Handler  stm32f4xx_it.o
    0x08006130   0x08006130   0x00000030   Code   RO         3254    i.__ARM_fpclassify  m_wm.l(fpclassify.o)
    0x08006160   0x08006160   0x00000010   Code   RO          909    i.__NVIC_GetPriorityGrouping  stm32f4xx_hal_cortex.o
    0x08006170   0x08006170   0x00000028   Code   RO          910    i.__NVIC_SetPriority  stm32f4xx_hal_cortex.o
    0x08006198   0x08006198   0x0000000e   Code   RO         2904    i._is_digit         c_w.l(__printf_wp.o)
    0x080061a6   0x080061a6   0x0000001a   Code   RO         3044    i.fputc             c_w.l(fputc.o)
    0x080061c0   0x080061c0   0x0000005c   Code   RO          383    i.init_USART        usart.o
    0x0800621c   0x0800621c   0x0000002c   Code   RO          465    i.init_Watchdog     watchdog.o
    0x08006248   0x08006248   0x000000d4   Code   RO           11    i.main              main.o
    0x0800631c   0x0800631c   0x00000010   Code   RO          466    i.reset_Watchdog    watchdog.o
    0x0800632c   0x0800632c   0x00000050   Code   RO          384    i.tx_USART          usart.o
    0x0800637c   0x0800637c   0x0000002c   Code   RO         3170    locale$$code        c_w.l(lc_numeric_c.o)
    0x080063a8   0x080063a8   0x0000002c   Code   RO         3304    locale$$code        c_w.l(lc_ctype_c.o)
    0x080063d4   0x080063d4   0x0000000a   Code   RO         3322    x$fpl$fpinit        fz_wm.l(fpinit.o)
    0x080063de   0x080063de   0x00000004   Code   RO         3003    x$fpl$printf1       fz_wm.l(printf1.o)
    0x080063e2   0x080063e2   0x00000004   Code   RO         3005    x$fpl$printf2       fz_wm.l(printf2.o)
    0x080063e6   0x080063e6   0x00000000   Code   RO         3253    x$fpl$usenofp       fz_wm.l(usenofp.o)
    0x080063e6   0x080063e6   0x00000002   PAD
    0x080063e8   0x080063e8   0x00000088   Data   RO          530    .constdata          usart_stm32f4xx.o
    0x08006470   0x08006470   0x00000018   Data   RO         2818    .constdata          system_stm32f4xx.o
    0x08006488   0x08006488   0x00000011   Data   RO         2912    .constdata          c_w.l(__printf_flags_ss_wp.o)
    0x08006499   0x08006499   0x00000003   PAD
    0x0800649c   0x0800649c   0x00000008   Data   RO         2944    .constdata          c_w.l(_printf_wctomb.o)
    0x080064a4   0x080064a4   0x00000028   Data   RO         2973    .constdata          c_w.l(_printf_hex_int_ll_ptr.o)
    0x080064cc   0x080064cc   0x00000026   Data   RO         3033    .constdata          c_w.l(_printf_fp_hex.o)
    0x080064f2   0x080064f2   0x00000004   Data   RO         3058    .constdata          c_w.l(sys_io.o)
    0x080064f6   0x080064f6   0x00000004   Data   RO         3059    .constdata          c_w.l(sys_io.o)
    0x080064fa   0x080064fa   0x00000004   Data   RO         3060    .constdata          c_w.l(sys_io.o)
    0x080064fe   0x080064fe   0x00000002   PAD
    0x08006500   0x08006500   0x00000094   Data   RO         3132    .constdata          c_w.l(bigflt0.o)
    0x08006594   0x08006594   0x00000020   Data   RO         3408    Region$$Table       anon$$obj.o
    0x080065b4   0x080065b4   0x0000001c   Data   RO         3169    locale$$data        c_w.l(lc_numeric_c.o)
    0x080065d0   0x080065d0   0x00000110   Data   RO         3303    locale$$data        c_w.l(lc_ctype_c.o)


    Execution Region RW_IRAM1 (Exec base: 0x20000000, Load base: 0x080066e0, Size: 0x00000940, Max: 0x00030000, ABSOLUTE)

    Exec Addr    Load Addr    Size         Type   Attr      Idx    E Section Name        Object

    0x20000000   0x080066e0   0x00000018   Data   RW           13    .data               main.o
    0x20000018   0x080066f8   0x00000004   Data   RW          385    .data               usart.o
    0x2000001c   0x080066fc   0x00000009   Data   RW          722    .data               stm32f4xx_hal.o
    0x20000025   0x08006705   0x00000003   PAD
    0x20000028   0x08006708   0x00000004   Data   RW         2819    .data               system_stm32f4xx.o
    0x2000002c   0x0800670c   0x00000004   Data   RW         3000    .data               c_w.l(stdio_streams.o)
    0x20000030   0x08006710   0x00000004   Data   RW         3001    .data               c_w.l(stdio_streams.o)
    0x20000034   0x08006714   0x00000004   Data   RW         3002    .data               c_w.l(stdio_streams.o)
    0x20000038        -       0x00000124   Zero   RW           12    .bss                main.o
    0x2000015c        -       0x00000040   Zero   RW          429    .bss                delay.o
    0x2000019c        -       0x0000000c   Zero   RW          467    .bss                watchdog.o
    0x200001a8        -       0x00000038   Zero   RW          529    .bss                usart_stm32f4xx.o
    0x200001e0        -       0x00000054   Zero   RW         2997    .bss                c_w.l(stdio_streams.o)
    0x20000234        -       0x00000054   Zero   RW         2998    .bss                c_w.l(stdio_streams.o)
    0x20000288        -       0x00000054   Zero   RW         2999    .bss                c_w.l(stdio_streams.o)
    0x200002dc        -       0x00000060   Zero   RW         3257    .bss                c_w.l(libspace.o)
    0x2000033c   0x08006718   0x00000004   PAD
    0x20000340        -       0x00000200   Zero   RW         2807    HEAP                startup_stm32f429xx.o
    0x20000540        -       0x00000400   Zero   RW         2806    STACK               startup_stm32f429xx.o


==============================================================================

Image component sizes


      Code (inc. data)   RO Data    RW Data    ZI Data      Debug   Object Name

       178         16          0          0         64       1967   delay.o
        92          8          0          0          0        907   led.o
      1552        604          0         24        292     752313   main.o
        64         26        428          0       1536        872   startup_stm32f429xx.o
       160         30          0          9          0       9573   stm32f4xx_hal.o
       356         28          0          0          0      35881   stm32f4xx_hal_cortex.o
       170          0          0          0          0       1640   stm32f4xx_hal_dma.o
       970        102          0          0          0       5162   stm32f4xx_hal_gpio.o
        94          0          0          0          0       2159   stm32f4xx_hal_iwdg.o
       484         40          0          0          0       3220   stm32f4xx_hal_msp.o
       140         12          0          0          0       1612   stm32f4xx_hal_pwr_ex.o
      1768         74          0          0          0       5681   stm32f4xx_hal_rcc.o
      2788        120          0          0          0      24205   stm32f4xx_hal_tim.o
       184         30          0          0          0       2977   stm32f4xx_hal_tim_ex.o
        64         12          0          0          0       5002   stm32f4xx_it.o
       220         26         24          4          0       2203   system_stm32f4xx.o
       172         12          0          4          0       2032   usart.o
      5884        240        136          0         56      59918   usart_stm32f4xx.o
        60         16          0          0         12       1206   watchdog.o

    ----------------------------------------------------------------------
     15420       1396        620         44       1960     918530   Object Totals
         0          0         32          0          0          0   (incl. Generated)
        20          0          0          3          0          0   (incl. Padding)

    ----------------------------------------------------------------------

      Code (inc. data)   RO Data    RW Data    ZI Data      Debug   Library Member Name

        44          6          0          0          0         84   __2sprintf.o
         8          0          0          0          0         68   __main.o
       392          4         17          0          0         92   __printf_flags_ss_wp.o
        14          0          0          0          0         68   __printf_wp.o
         0          0          0          0          0          0   __rtentry.o
        12          0          0          0          0          0   __rtentry2.o
         6          0          0          0          0          0   __rtentry4.o
        52          8          0          0          0          0   __scatter.o
        26          0          0          0          0          0   __scatter_copy.o
        28          0          0          0          0          0   __scatter_zi.o
         6          0          0          0          0          0   _printf_a.o
         6          0          0          0          0          0   _printf_c.o
        44          0          0          0          0        108   _printf_char.o
        48          6          0          0          0         96   _printf_char_common.o
        36          4          0          0          0         80   _printf_char_file.o
        40          0          0          0          0         68   _printf_charcount.o
         6          0          0          0          0          0   _printf_d.o
       120         16          0          0          0         92   _printf_dec.o
         6          0          0          0          0          0   _printf_e.o
         6          0          0          0          0          0   _printf_f.o
      1054          0          0          0          0        216   _printf_fp_dec.o
       764          8         38          0          0        100   _printf_fp_hex.o
       128         16          0          0          0         84   _printf_fp_infnan.o
         6          0          0          0          0          0   _printf_g.o
       148          4         40          0          0        160   _printf_hex_int_ll_ptr.o
         6          0          0          0          0          0   _printf_i.o
       178          0          0          0          0         88   _printf_intcommon.o
        10          0          0          0          0          0   _printf_l.o
         6          0          0          0          0          0   _printf_lc.o
        10          0          0          0          0          0   _printf_ll.o
         6          0          0          0          0          0   _printf_lld.o
         6          0          0          0          0          0   _printf_lli.o
         6          0          0          0          0          0   _printf_llo.o
         6          0          0          0          0          0   _printf_llu.o
         6          0          0          0          0          0   _printf_llx.o
       124         16          0          0          0         92   _printf_longlong_dec.o
         6          0          0          0          0          0   _printf_ls.o
         6          0          0          0          0          0   _printf_n.o
         6          0          0          0          0          0   _printf_o.o
       112         10          0          0          0        124   _printf_oct_int_ll.o
         6          0          0          0          0          0   _printf_p.o
        78          0          0          0          0        108   _printf_pad.o
         0          0          0          0          0          0   _printf_percent.o
         4          0          0          0          0          0   _printf_percent_end.o
         6          0          0          0          0          0   _printf_s.o
        82          0          0          0          0         80   _printf_str.o
        36          0          0          0          0         84   _printf_truncate.o
         6          0          0          0          0          0   _printf_u.o
        44          0          0          0          0        108   _printf_wchar.o
       188          6          8          0          0         92   _printf_wctomb.o
         6          0          0          0          0          0   _printf_x.o
        10          0          0          0          0         68   _sputc.o
        64          0          0          0          0         92   _wcrtomb.o
       228          4        148          0          0         96   bigflt0.o
      1936        128          0          0          0        672   btod.o
        10          0          0          0          0         68   defsig_exit.o
        50          0          0          0          0         88   defsig_general.o
        80         58          0          0          0         76   defsig_rtmem_inner.o
        14          0          0          0          0         80   defsig_rtmem_outer.o
        52         38          0          0          0         76   defsig_rtred_inner.o
        14          0          0          0          0         80   defsig_rtred_outer.o
        18          0          0          0          0         80   exit.o
        76          0          0          0          0         88   fclose.o
         8          0          0          0          0         68   ferror.o
       470          0          0          0          0         88   flsbuf.o
       236          4          0          0          0        128   fopen.o
        26          0          0          0          0         68   fputc.o
       248          6          0          0          0         84   fseek.o
        66          0          0          0          0         76   ftell.o
        94          0          0          0          0         80   h1_alloc.o
        52          0          0          0          0         68   h1_extend.o
        78          0          0          0          0         80   h1_free.o
        14          0          0          0          0         84   h1_init.o
         6          0          0          0          0        152   heapauxi.o
         4          0          0          0          0        136   hguard.o
         0          0          0          0          0          0   indicate_semi.o
       138          0          0          0          0        168   init_alloc.o
       312         46          0          0          0        112   initio.o
        44         10        272          0          0         76   lc_ctype_c.o
        44         10         28          0          0         76   lc_numeric_c.o
         2          0          0          0          0          0   libinit.o
        46          0          0          0          0          0   libinit2.o
         2          0          0          0          0          0   libshutdown.o
         6          0          0          0          0          0   libshutdown2.o
         8          4          0          0         96         68   libspace.o
       138          0          0          0          0         80   lludiv10.o
       238          0          0          0          0        100   lludivv7m.o
         0          0          0          0          0          0   maybetermalloc1.o
        24          4          0          0          0         84   printf.o
        16          4          0          0          0         76   rt_ctype_table.o
         8          4          0          0          0         68   rt_errno_addr_intlibspace.o
         8          4          0          0          0         68   rt_heap_descriptor_intlibspace.o
         8          4          0          0          0         68   rt_locale_intlibspace.o
        78          0          0          0          0         80   rt_memclr_w.o
         2          0          0          0          0          0   rtexit.o
        10          0          0          0          0          0   rtexit2.o
        70          0          0          0          0         80   setvbuf.o
       240          6          0          0          0        156   stdio.o
         0          0          0         12        252          0   stdio_streams.o
       128          0          0          0          0         68   strcmpv7m.o
        62          0          0          0          0         76   strlen.o
        12          4          0          0          0         68   sys_exit.o
       102          0         12          0          0        240   sys_io.o
        74          0          0          0          0         80   sys_stackheap_outer.o
        14          0          0          0          0         76   sys_wrch.o
         2          0          0          0          0         68   use_no_semi.o
        10          0          0          0          0        116   fpinit.o
         4          0          0          0          0        116   printf1.o
         4          0          0          0          0        116   printf2.o
         0          0          0          0          0          0   usenofp.o
        48          0          0          0          0        124   fpclassify.o

    ----------------------------------------------------------------------
      9728        442        568         12        352       7276   Library Totals
        22          0          5          0          4          0   (incl. Padding)

    ----------------------------------------------------------------------

      Code (inc. data)   RO Data    RW Data    ZI Data      Debug   Library Name

      9640        442        563         12        348       6804   c_w.l
        18          0          0          0          0        348   fz_wm.l
        48          0          0          0          0        124   m_wm.l

    ----------------------------------------------------------------------
      9728        442        568         12        352       7276   Library Totals

    ----------------------------------------------------------------------

==============================================================================


      Code (inc. data)   RO Data    RW Data    ZI Data      Debug   

     25148       1838       1188         56       2312     910362   Grand Totals
     25148       1838       1188         56       2312     910362   ELF Image Totals
     25148       1838       1188         56          0          0   ROM Totals

==============================================================================

    Total RO  Size (Code + RO Data)                26336 (  25.72kB)
    Total RW  Size (RW Data + ZI Data)              2368 (   2.31kB)
    Total ROM Size (Code + RO Data + RW Data)      26392 (  25.77kB)

==============================================================================

